[2026-04-01 22:37:38] INFO     ======================================================================
[2026-04-01 22:37:38] INFO     EXPERIMENT 1: Single Font, Single Letter — Full VAE Pipeline
[2026-04-01 22:37:38] INFO     ======================================================================
[2026-04-01 22:37:38] INFO     Config saved to results/exp1_single_font_single_letter/experiment_config.json
[2026-04-01 22:37:38] INFO     Step 1: Dataset collection & quality audit
[2026-04-01 22:37:38] INFO     Collected 80 images
[2026-04-01 22:37:38] INFO     Dataset audit saved
[2026-04-01 22:37:38] INFO     Step 2: Stratified train/val/test split
[2026-04-01 22:37:38] INFO     Split: train=56, val=12, test=12
[2026-04-01 22:37:38] INFO     Device: cpu
[2026-04-01 22:37:38] INFO     Steps 3-11: Training baseline model (depth=4)
[2026-04-01 22:37:38] INFO     [depth=4] ==================================================
[2026-04-01 22:37:38] INFO     [depth=4] Starting BASELINE training
[2026-04-01 22:37:38] INFO     [depth=4] Model parameters: 1,494,085
[2026-04-01 22:37:38] INFO     [depth=4] Encoder spatial: 8x8
[2026-04-01 22:37:39] INFO     [depth=4] Epoch 001/150 | β=0.040 | lr=1.00e-03 | train=19842.33 | val=11188.64
[2026-04-01 22:37:40] INFO     [depth=4] Epoch 002/150 | β=0.080 | lr=1.00e-03 | train=10429.59 | val=10238.05
[2026-04-01 22:37:41] INFO     [depth=4] Epoch 003/150 | β=0.120 | lr=1.00e-03 | train=7935.44 | val=8717.66
[2026-04-01 22:37:41] INFO     [depth=4] Epoch 004/150 | β=0.160 | lr=9.99e-04 | train=6454.97 | val=7261.68
[2026-04-01 22:37:42] INFO     [depth=4] Epoch 005/150 | β=0.200 | lr=9.98e-04 | train=5511.06 | val=6137.20
[2026-04-01 22:37:42] INFO     [depth=4] Epoch 006/150 | β=0.240 | lr=9.97e-04 | train=4701.87 | val=5360.08
[2026-04-01 22:37:43] INFO     [depth=4] Epoch 007/150 | β=0.280 | lr=9.96e-04 | train=4102.72 | val=4592.98
[2026-04-01 22:37:43] INFO     [depth=4] Epoch 008/150 | β=0.320 | lr=9.95e-04 | train=3680.66 | val=3350.52
[2026-04-01 22:37:44] INFO     [depth=4] Epoch 009/150 | β=0.360 | lr=9.93e-04 | train=3336.04 | val=2905.22
[2026-04-01 22:37:44] INFO     [depth=4] Epoch 010/150 | β=0.400 | lr=9.91e-04 | train=2995.24 | val=2411.17
[2026-04-01 22:37:45] INFO     [depth=4] Epoch 011/150 | β=0.440 | lr=9.89e-04 | train=2688.25 | val=2350.74
[2026-04-01 22:37:45] INFO     [depth=4] Epoch 012/150 | β=0.480 | lr=9.87e-04 | train=2415.00 | val=1935.57
[2026-04-01 22:37:46] INFO     [depth=4] Epoch 013/150 | β=0.520 | lr=9.84e-04 | train=2193.19 | val=1628.66
[2026-04-01 22:37:46] INFO     [depth=4] Epoch 014/150 | β=0.560 | lr=9.82e-04 | train=2018.91 | val=1593.17
[2026-04-01 22:37:47] INFO     [depth=4] Epoch 015/150 | β=0.600 | lr=9.79e-04 | train=1881.57 | val=1497.70
[2026-04-01 22:37:47] INFO     [depth=4] Epoch 016/150 | β=0.640 | lr=9.76e-04 | train=1827.16 | val=1326.46
[2026-04-01 22:37:48] INFO     [depth=4] Epoch 017/150 | β=0.680 | lr=9.72e-04 | train=1948.18 | val=1249.98
[2026-04-01 22:37:48] INFO     [depth=4] Epoch 018/150 | β=0.720 | lr=9.69e-04 | train=2001.61 | val=1325.88
[2026-04-01 22:37:49] INFO     [depth=4] Epoch 019/150 | β=0.760 | lr=9.65e-04 | train=1751.12 | val=1167.50
[2026-04-01 22:37:49] INFO     [depth=4] Epoch 020/150 | β=0.800 | lr=9.61e-04 | train=1698.33 | val=1182.02
[2026-04-01 22:37:50] INFO     [depth=4] Epoch 021/150 | β=0.840 | lr=9.57e-04 | train=1732.65 | val=1124.79
[2026-04-01 22:37:50] INFO     [depth=4] Epoch 022/150 | β=0.880 | lr=9.53e-04 | train=1638.52 | val=1011.70
[2026-04-01 22:37:51] INFO     [depth=4] Epoch 023/150 | β=0.920 | lr=9.48e-04 | train=1580.66 | val=1038.72
[2026-04-01 22:37:51] INFO     [depth=4] Epoch 024/150 | β=0.960 | lr=9.44e-04 | train=1456.60 | val=973.78
[2026-04-01 22:37:51] INFO     [depth=4] Epoch 025/150 | β=1.000 | lr=9.39e-04 | train=1551.23 | val=939.71
[2026-04-01 22:37:52] INFO     [depth=4] Epoch 026/150 | β=1.000 | lr=9.34e-04 | train=1613.02 | val=916.92
[2026-04-01 22:37:52] INFO     [depth=4] Epoch 027/150 | β=1.000 | lr=9.28e-04 | train=1580.01 | val=972.92
[2026-04-01 22:37:53] INFO     [depth=4] Epoch 028/150 | β=1.000 | lr=9.23e-04 | train=1415.20 | val=871.98
[2026-04-01 22:37:53] INFO     [depth=4] Epoch 029/150 | β=1.000 | lr=9.17e-04 | train=1731.84 | val=925.33
[2026-04-01 22:37:54] INFO     [depth=4] Epoch 030/150 | β=1.000 | lr=9.11e-04 | train=1518.24 | val=915.67
[2026-04-01 22:37:54] INFO     [depth=4] Epoch 031/150 | β=1.000 | lr=9.05e-04 | train=1595.28 | val=951.19
[2026-04-01 22:37:55] INFO     [depth=4] Epoch 032/150 | β=1.000 | lr=8.99e-04 | train=1557.51 | val=920.74
[2026-04-01 22:37:55] INFO     [depth=4] Epoch 033/150 | β=1.000 | lr=8.93e-04 | train=1499.76 | val=958.03
[2026-04-01 22:37:56] INFO     [depth=4] Epoch 034/150 | β=1.000 | lr=8.86e-04 | train=1750.70 | val=834.62
[2026-04-01 22:37:56] INFO     [depth=4] Epoch 035/150 | β=1.000 | lr=8.80e-04 | train=1486.91 | val=993.16
[2026-04-01 22:37:57] INFO     [depth=4] Epoch 036/150 | β=1.000 | lr=8.73e-04 | train=1478.42 | val=843.24
[2026-04-01 22:37:58] INFO     [depth=4] Epoch 037/150 | β=1.000 | lr=8.66e-04 | train=1520.07 | val=918.58
[2026-04-01 22:37:58] INFO     [depth=4] Epoch 038/150 | β=1.000 | lr=8.59e-04 | train=1525.70 | val=918.95
[2026-04-01 22:37:59] INFO     [depth=4] Epoch 039/150 | β=1.000 | lr=8.51e-04 | train=1468.25 | val=815.62
[2026-04-01 22:37:59] INFO     [depth=4] Epoch 040/150 | β=1.000 | lr=8.44e-04 | train=1603.83 | val=1001.69
[2026-04-01 22:38:00] INFO     [depth=4] Epoch 041/150 | β=1.000 | lr=8.36e-04 | train=1706.29 | val=763.38
[2026-04-01 22:38:00] INFO     [depth=4] Epoch 042/150 | β=1.000 | lr=8.28e-04 | train=1434.92 | val=873.72
[2026-04-01 22:38:01] INFO     [depth=4] Epoch 043/150 | β=1.000 | lr=8.21e-04 | train=1358.73 | val=884.91
[2026-04-01 22:38:01] INFO     [depth=4] Epoch 044/150 | β=1.000 | lr=8.12e-04 | train=1551.28 | val=908.95
[2026-04-01 22:38:02] INFO     [depth=4] Epoch 045/150 | β=1.000 | lr=8.04e-04 | train=1404.20 | val=896.52
[2026-04-01 22:38:02] INFO     [depth=4] Epoch 046/150 | β=1.000 | lr=7.96e-04 | train=1368.24 | val=1060.19
[2026-04-01 22:38:02] INFO     [depth=4] Epoch 047/150 | β=1.000 | lr=7.88e-04 | train=1560.81 | val=835.71
[2026-04-01 22:38:03] INFO     [depth=4] Epoch 048/150 | β=1.000 | lr=7.79e-04 | train=1402.86 | val=870.63
[2026-04-01 22:38:04] INFO     [depth=4] Epoch 049/150 | β=1.000 | lr=7.70e-04 | train=1387.75 | val=862.92
[2026-04-01 22:38:04] INFO     [depth=4] Epoch 050/150 | β=1.000 | lr=7.61e-04 | train=1361.05 | val=950.14
[2026-04-01 22:38:05] INFO     [depth=4] Epoch 051/150 | β=1.000 | lr=7.52e-04 | train=1443.28 | val=1111.70
[2026-04-01 22:38:05] INFO     [depth=4] Epoch 052/150 | β=1.000 | lr=7.43e-04 | train=1489.07 | val=1078.80
[2026-04-01 22:38:06] INFO     [depth=4] Epoch 053/150 | β=1.000 | lr=7.34e-04 | train=1381.58 | val=1142.94
[2026-04-01 22:38:06] INFO     [depth=4] Epoch 054/150 | β=1.000 | lr=7.25e-04 | train=1592.67 | val=1006.50
[2026-04-01 22:38:07] INFO     [depth=4] Epoch 055/150 | β=1.000 | lr=7.16e-04 | train=1438.22 | val=926.50
[2026-04-01 22:38:07] INFO     [depth=4] Epoch 056/150 | β=1.000 | lr=7.06e-04 | train=1301.26 | val=1018.08
[2026-04-01 22:38:08] INFO     [depth=4] Epoch 057/150 | β=1.000 | lr=6.97e-04 | train=1371.88 | val=926.71
[2026-04-01 22:38:08] INFO     [depth=4] Epoch 058/150 | β=1.000 | lr=6.87e-04 | train=1593.77 | val=1154.51
[2026-04-01 22:38:08] INFO     [depth=4] Epoch 059/150 | β=1.000 | lr=6.78e-04 | train=1483.01 | val=964.59
[2026-04-01 22:38:09] INFO     [depth=4] Epoch 060/150 | β=1.000 | lr=6.68e-04 | train=1509.94 | val=1006.92
[2026-04-01 22:38:09] INFO     [depth=4] Epoch 061/150 | β=1.000 | lr=6.58e-04 | train=1453.55 | val=1040.40
[2026-04-01 22:38:10] INFO     [depth=4] Epoch 062/150 | β=1.000 | lr=6.48e-04 | train=1523.85 | val=983.82
[2026-04-01 22:38:10] INFO     [depth=4] Epoch 063/150 | β=1.000 | lr=6.38e-04 | train=1522.02 | val=971.84
[2026-04-01 22:38:11] INFO     [depth=4] Epoch 064/150 | β=1.000 | lr=6.28e-04 | train=1333.27 | val=852.64
[2026-04-01 22:38:11] INFO     [depth=4] Epoch 065/150 | β=1.000 | lr=6.18e-04 | train=1410.23 | val=816.04
[2026-04-01 22:38:12] INFO     [depth=4] Epoch 066/150 | β=1.000 | lr=6.08e-04 | train=1418.01 | val=1019.57
[2026-04-01 22:38:12] INFO     [depth=4] Early stopping at epoch 66, best was epoch 41
[2026-04-01 22:38:12] INFO     [depth=4] Training complete. Best epoch: 41, best val: 763.3837
[2026-04-01 22:38:12] INFO     [depth=4] Test metrics: MSE=0.004107, PSNR=24.77, SSIM=0.9751
[2026-04-01 22:38:15] INFO     [depth=4] Gaussian mean: [-1.8161985874176025, -7.663384437561035]
[2026-04-01 22:38:15] INFO     [depth=4] Shapiro-Wilk dim_0: stat=0.9487, p=0.0029
[2026-04-01 22:38:15] INFO     [depth=4] Shapiro-Wilk dim_1: stat=0.7313, p=0.0000
[2026-04-01 22:38:15] INFO     [depth=4] KS test dim_0: stat=0.1271, p=0.1382
[2026-04-01 22:38:15] INFO     [depth=4] KS test dim_1: stat=0.2235, p=0.0005
[2026-04-01 22:38:16] INFO     Aux classifier early stop at epoch 31
[2026-04-01 22:38:16] INFO     Auxiliary classifier test accuracy: 0.2500
[2026-04-01 22:38:16] INFO     
              precision    recall  f1-score   support

        10pt       0.25      1.00      0.40         3
        14pt       0.00      0.00      0.00         3
        18pt       0.00      0.00      0.00         3
        22pt       0.00      0.00      0.00         3

    accuracy                           0.25        12
   macro avg       0.06      0.25      0.10        12
weighted avg       0.06      0.25      0.10        12

[2026-04-01 22:38:16] INFO     Step 12: Progressive depth scaling
[2026-04-01 22:38:16] INFO     Training depth variant: 5
[2026-04-01 22:38:16] INFO     [depth=5] ==================================================
[2026-04-01 22:38:16] INFO     [depth=5] Starting VARIANT training
[2026-04-01 22:38:16] INFO     [depth=5] Model parameters: 5,633,349
[2026-04-01 22:38:16] INFO     [depth=5] Encoder spatial: 4x4
[2026-04-01 22:38:17] INFO     [depth=5] Epoch 001/150 | β=0.040 | lr=1.00e-03 | train=13930.73 | val=12101.69
[2026-04-01 22:38:17] INFO     [depth=5] Epoch 002/150 | β=0.080 | lr=1.00e-03 | train=9414.76 | val=11185.45
[2026-04-01 22:38:18] INFO     [depth=5] Epoch 003/150 | β=0.120 | lr=1.00e-03 | train=7560.32 | val=9232.46
[2026-04-01 22:38:19] INFO     [depth=5] Epoch 004/150 | β=0.160 | lr=9.99e-04 | train=6243.33 | val=7145.01
[2026-04-01 22:38:20] INFO     [depth=5] Epoch 005/150 | β=0.200 | lr=9.98e-04 | train=5342.33 | val=5557.88
[2026-04-01 22:38:21] INFO     [depth=5] Epoch 006/150 | β=0.240 | lr=9.97e-04 | train=4568.89 | val=4553.80
[2026-04-01 22:38:21] INFO     [depth=5] Epoch 007/150 | β=0.280 | lr=9.96e-04 | train=4011.03 | val=3954.96
[2026-04-01 22:38:22] INFO     [depth=5] Epoch 008/150 | β=0.320 | lr=9.95e-04 | train=3550.26 | val=3132.33
[2026-04-01 22:38:23] INFO     [depth=5] Epoch 009/150 | β=0.360 | lr=9.93e-04 | train=3183.42 | val=2706.48
[2026-04-01 22:38:24] INFO     [depth=5] Epoch 010/150 | β=0.400 | lr=9.91e-04 | train=2858.83 | val=2204.60
[2026-04-01 22:38:25] INFO     [depth=5] Epoch 011/150 | β=0.440 | lr=9.89e-04 | train=2559.61 | val=1879.87
[2026-04-01 22:38:25] INFO     [depth=5] Epoch 012/150 | β=0.480 | lr=9.87e-04 | train=2354.66 | val=2002.70
[2026-04-01 22:38:26] INFO     [depth=5] Epoch 013/150 | β=0.520 | lr=9.84e-04 | train=2181.95 | val=1507.03
[2026-04-01 22:38:27] INFO     [depth=5] Epoch 014/150 | β=0.560 | lr=9.82e-04 | train=1941.33 | val=1372.06
[2026-04-01 22:38:28] INFO     [depth=5] Epoch 015/150 | β=0.600 | lr=9.79e-04 | train=1725.09 | val=1246.51
[2026-04-01 22:38:29] INFO     [depth=5] Epoch 016/150 | β=0.640 | lr=9.76e-04 | train=1687.15 | val=1188.08
[2026-04-01 22:38:29] INFO     [depth=5] Epoch 017/150 | β=0.680 | lr=9.72e-04 | train=1816.25 | val=1491.48
[2026-04-01 22:38:30] INFO     [depth=5] Epoch 018/150 | β=0.720 | lr=9.69e-04 | train=1816.56 | val=1809.22
[2026-04-01 22:38:31] INFO     [depth=5] Epoch 019/150 | β=0.760 | lr=9.65e-04 | train=1800.62 | val=1586.68
[2026-04-01 22:38:31] INFO     [depth=5] Epoch 020/150 | β=0.800 | lr=9.61e-04 | train=1774.89 | val=1124.14
[2026-04-01 22:38:32] INFO     [depth=5] Epoch 021/150 | β=0.840 | lr=9.57e-04 | train=1686.44 | val=1207.91
[2026-04-01 22:38:33] INFO     [depth=5] Epoch 022/150 | β=0.880 | lr=9.53e-04 | train=1677.53 | val=1072.87
[2026-04-01 22:38:34] INFO     [depth=5] Epoch 023/150 | β=0.920 | lr=9.48e-04 | train=1601.09 | val=1667.53
[2026-04-01 22:38:34] INFO     [depth=5] Epoch 024/150 | β=0.960 | lr=9.44e-04 | train=1770.27 | val=1121.64
[2026-04-01 22:38:35] INFO     [depth=5] Epoch 025/150 | β=1.000 | lr=9.39e-04 | train=1683.09 | val=1088.64
[2026-04-01 22:38:36] INFO     [depth=5] Epoch 026/150 | β=1.000 | lr=9.34e-04 | train=1582.44 | val=1120.74
[2026-04-01 22:38:37] INFO     [depth=5] Epoch 027/150 | β=1.000 | lr=9.28e-04 | train=1648.96 | val=886.83
[2026-04-01 22:38:37] INFO     [depth=5] Epoch 028/150 | β=1.000 | lr=9.23e-04 | train=1367.80 | val=957.58
[2026-04-01 22:38:38] INFO     [depth=5] Epoch 029/150 | β=1.000 | lr=9.17e-04 | train=1665.57 | val=905.16
[2026-04-01 22:38:39] INFO     [depth=5] Epoch 030/150 | β=1.000 | lr=9.11e-04 | train=1484.74 | val=801.95
[2026-04-01 22:38:39] INFO     [depth=5] Epoch 031/150 | β=1.000 | lr=9.05e-04 | train=1476.78 | val=802.35
[2026-04-01 22:38:40] INFO     [depth=5] Epoch 032/150 | β=1.000 | lr=8.99e-04 | train=1551.39 | val=865.89
[2026-04-01 22:38:41] INFO     [depth=5] Epoch 033/150 | β=1.000 | lr=8.93e-04 | train=1455.52 | val=943.34
[2026-04-01 22:38:41] INFO     [depth=5] Epoch 034/150 | β=1.000 | lr=8.86e-04 | train=1506.69 | val=823.92
[2026-04-01 22:38:42] INFO     [depth=5] Epoch 035/150 | β=1.000 | lr=8.80e-04 | train=1457.62 | val=879.98
[2026-04-01 22:38:43] INFO     [depth=5] Epoch 036/150 | β=1.000 | lr=8.73e-04 | train=1356.67 | val=899.55
[2026-04-01 22:38:44] INFO     [depth=5] Epoch 037/150 | β=1.000 | lr=8.66e-04 | train=1371.48 | val=923.29
[2026-04-01 22:38:44] INFO     [depth=5] Epoch 038/150 | β=1.000 | lr=8.59e-04 | train=1607.84 | val=1006.62
[2026-04-01 22:38:45] INFO     [depth=5] Epoch 039/150 | β=1.000 | lr=8.51e-04 | train=1453.33 | val=804.48
[2026-04-01 22:38:46] INFO     [depth=5] Epoch 040/150 | β=1.000 | lr=8.44e-04 | train=1502.68 | val=904.29
[2026-04-01 22:38:47] INFO     [depth=5] Epoch 041/150 | β=1.000 | lr=8.36e-04 | train=1479.65 | val=843.20
[2026-04-01 22:38:47] INFO     [depth=5] Epoch 042/150 | β=1.000 | lr=8.28e-04 | train=1441.90 | val=773.81
[2026-04-01 22:38:48] INFO     [depth=5] Epoch 043/150 | β=1.000 | lr=8.21e-04 | train=1360.88 | val=870.24
[2026-04-01 22:38:49] INFO     [depth=5] Epoch 044/150 | β=1.000 | lr=8.12e-04 | train=1607.24 | val=937.08
[2026-04-01 22:38:49] INFO     [depth=5] Epoch 045/150 | β=1.000 | lr=8.04e-04 | train=1364.72 | val=770.89
[2026-04-01 22:38:50] INFO     [depth=5] Epoch 046/150 | β=1.000 | lr=7.96e-04 | train=1434.81 | val=899.96
[2026-04-01 22:38:51] INFO     [depth=5] Epoch 047/150 | β=1.000 | lr=7.88e-04 | train=1441.81 | val=958.22
[2026-04-01 22:38:52] INFO     [depth=5] Epoch 048/150 | β=1.000 | lr=7.79e-04 | train=1501.54 | val=835.98
[2026-04-01 22:38:52] INFO     [depth=5] Epoch 049/150 | β=1.000 | lr=7.70e-04 | train=1488.13 | val=825.64
[2026-04-01 22:38:53] INFO     [depth=5] Epoch 050/150 | β=1.000 | lr=7.61e-04 | train=1327.54 | val=1105.82
[2026-04-01 22:38:54] INFO     [depth=5] Epoch 051/150 | β=1.000 | lr=7.52e-04 | train=1398.07 | val=812.55
[2026-04-01 22:38:55] INFO     [depth=5] Epoch 052/150 | β=1.000 | lr=7.43e-04 | train=1353.18 | val=767.35
[2026-04-01 22:38:55] INFO     [depth=5] Epoch 053/150 | β=1.000 | lr=7.34e-04 | train=1364.57 | val=851.97
[2026-04-01 22:38:56] INFO     [depth=5] Epoch 054/150 | β=1.000 | lr=7.25e-04 | train=1485.86 | val=797.17
[2026-04-01 22:38:57] INFO     [depth=5] Epoch 055/150 | β=1.000 | lr=7.16e-04 | train=1329.78 | val=843.58
[2026-04-01 22:38:58] INFO     [depth=5] Epoch 056/150 | β=1.000 | lr=7.06e-04 | train=1283.59 | val=738.45
[2026-04-01 22:38:58] INFO     [depth=5] Epoch 057/150 | β=1.000 | lr=6.97e-04 | train=1403.72 | val=785.98
[2026-04-01 22:38:59] INFO     [depth=5] Epoch 058/150 | β=1.000 | lr=6.87e-04 | train=1598.07 | val=792.80
[2026-04-01 22:39:00] INFO     [depth=5] Epoch 059/150 | β=1.000 | lr=6.78e-04 | train=1476.67 | val=766.89
[2026-04-01 22:39:01] INFO     [depth=5] Epoch 060/150 | β=1.000 | lr=6.68e-04 | train=1540.82 | val=842.70
[2026-04-01 22:39:01] INFO     [depth=5] Epoch 061/150 | β=1.000 | lr=6.58e-04 | train=1509.02 | val=1033.14
[2026-04-01 22:39:02] INFO     [depth=5] Epoch 062/150 | β=1.000 | lr=6.48e-04 | train=1455.23 | val=1077.51
[2026-04-01 22:39:03] INFO     [depth=5] Epoch 063/150 | β=1.000 | lr=6.38e-04 | train=1488.39 | val=931.17
[2026-04-01 22:39:04] INFO     [depth=5] Epoch 064/150 | β=1.000 | lr=6.28e-04 | train=1361.68 | val=882.65
[2026-04-01 22:39:04] INFO     [depth=5] Epoch 065/150 | β=1.000 | lr=6.18e-04 | train=1402.07 | val=827.45
[2026-04-01 22:39:05] INFO     [depth=5] Epoch 066/150 | β=1.000 | lr=6.08e-04 | train=1307.67 | val=936.27
[2026-04-01 22:39:06] INFO     [depth=5] Epoch 067/150 | β=1.000 | lr=5.98e-04 | train=1589.46 | val=930.55
[2026-04-01 22:39:06] INFO     [depth=5] Epoch 068/150 | β=1.000 | lr=5.88e-04 | train=1413.15 | val=754.44
[2026-04-01 22:39:07] INFO     [depth=5] Epoch 069/150 | β=1.000 | lr=5.77e-04 | train=1474.55 | val=739.13
[2026-04-01 22:39:08] INFO     [depth=5] Epoch 070/150 | β=1.000 | lr=5.67e-04 | train=1269.63 | val=778.80
[2026-04-01 22:39:09] INFO     [depth=5] Epoch 071/150 | β=1.000 | lr=5.57e-04 | train=1391.72 | val=786.28
[2026-04-01 22:39:09] INFO     [depth=5] Epoch 072/150 | β=1.000 | lr=5.46e-04 | train=1446.86 | val=852.32
[2026-04-01 22:39:10] INFO     [depth=5] Epoch 073/150 | β=1.000 | lr=5.36e-04 | train=1306.16 | val=839.38
[2026-04-01 22:39:11] INFO     [depth=5] Epoch 074/150 | β=1.000 | lr=5.26e-04 | train=1288.92 | val=911.93
[2026-04-01 22:39:11] INFO     [depth=5] Epoch 075/150 | β=1.000 | lr=5.15e-04 | train=1281.87 | val=785.62
[2026-04-01 22:39:12] INFO     [depth=5] Epoch 076/150 | β=1.000 | lr=5.05e-04 | train=1302.18 | val=751.10
[2026-04-01 22:39:13] INFO     [depth=5] Epoch 077/150 | β=1.000 | lr=4.95e-04 | train=1296.76 | val=796.23
[2026-04-01 22:39:13] INFO     [depth=5] Epoch 078/150 | β=1.000 | lr=4.84e-04 | train=1145.13 | val=749.20
[2026-04-01 22:39:14] INFO     [depth=5] Epoch 079/150 | β=1.000 | lr=4.74e-04 | train=1174.43 | val=783.70
[2026-04-01 22:39:15] INFO     [depth=5] Epoch 080/150 | β=1.000 | lr=4.64e-04 | train=1279.84 | val=972.81
[2026-04-01 22:39:15] INFO     [depth=5] Epoch 081/150 | β=1.000 | lr=4.53e-04 | train=1385.16 | val=732.36
[2026-04-01 22:39:16] INFO     [depth=5] Epoch 082/150 | β=1.000 | lr=4.43e-04 | train=1327.54 | val=845.27
[2026-04-01 22:39:17] INFO     [depth=5] Epoch 083/150 | β=1.000 | lr=4.33e-04 | train=1289.35 | val=841.05
[2026-04-01 22:39:18] INFO     [depth=5] Epoch 084/150 | β=1.000 | lr=4.22e-04 | train=1247.18 | val=783.67
[2026-04-01 22:39:19] INFO     [depth=5] Epoch 085/150 | β=1.000 | lr=4.12e-04 | train=1200.06 | val=793.39
[2026-04-01 22:39:19] INFO     [depth=5] Epoch 086/150 | β=1.000 | lr=4.02e-04 | train=1241.33 | val=721.62
[2026-04-01 22:39:20] INFO     [depth=5] Epoch 087/150 | β=1.000 | lr=3.92e-04 | train=1192.45 | val=732.46
[2026-04-01 22:39:21] INFO     [depth=5] Epoch 088/150 | β=1.000 | lr=3.82e-04 | train=1133.63 | val=819.61
[2026-04-01 22:39:22] INFO     [depth=5] Epoch 089/150 | β=1.000 | lr=3.72e-04 | train=1403.41 | val=740.84
[2026-04-01 22:39:22] INFO     [depth=5] Epoch 090/150 | β=1.000 | lr=3.62e-04 | train=1466.61 | val=730.89
[2026-04-01 22:39:23] INFO     [depth=5] Epoch 091/150 | β=1.000 | lr=3.52e-04 | train=1252.18 | val=753.99
[2026-04-01 22:39:24] INFO     [depth=5] Epoch 092/150 | β=1.000 | lr=3.42e-04 | train=1241.13 | val=739.48
[2026-04-01 22:39:24] INFO     [depth=5] Epoch 093/150 | β=1.000 | lr=3.32e-04 | train=1352.70 | val=789.94
[2026-04-01 22:39:25] INFO     [depth=5] Epoch 094/150 | β=1.000 | lr=3.23e-04 | train=1297.92 | val=918.15
[2026-04-01 22:39:26] INFO     [depth=5] Epoch 095/150 | β=1.000 | lr=3.13e-04 | train=1400.77 | val=766.29
[2026-04-01 22:39:27] INFO     [depth=5] Epoch 096/150 | β=1.000 | lr=3.04e-04 | train=1254.69 | val=763.30
[2026-04-01 22:39:27] INFO     [depth=5] Epoch 097/150 | β=1.000 | lr=2.94e-04 | train=1167.01 | val=745.64
[2026-04-01 22:39:28] INFO     [depth=5] Epoch 098/150 | β=1.000 | lr=2.85e-04 | train=1195.79 | val=833.28
[2026-04-01 22:39:29] INFO     [depth=5] Epoch 099/150 | β=1.000 | lr=2.76e-04 | train=1296.39 | val=749.24
[2026-04-01 22:39:29] INFO     [depth=5] Epoch 100/150 | β=1.000 | lr=2.67e-04 | train=1231.42 | val=736.10
[2026-04-01 22:39:30] INFO     [depth=5] Epoch 101/150 | β=1.000 | lr=2.57e-04 | train=1307.29 | val=712.16
[2026-04-01 22:39:31] INFO     [depth=5] Epoch 102/150 | β=1.000 | lr=2.49e-04 | train=1234.47 | val=794.09
[2026-04-01 22:39:32] INFO     [depth=5] Epoch 103/150 | β=1.000 | lr=2.40e-04 | train=1166.87 | val=754.18
[2026-04-01 22:39:33] INFO     [depth=5] Epoch 104/150 | β=1.000 | lr=2.31e-04 | train=1196.43 | val=725.00
[2026-04-01 22:39:34] INFO     [depth=5] Epoch 105/150 | β=1.000 | lr=2.22e-04 | train=1323.85 | val=707.94
[2026-04-01 22:39:35] INFO     [depth=5] Epoch 106/150 | β=1.000 | lr=2.14e-04 | train=1104.29 | val=710.47
[2026-04-01 22:39:35] INFO     [depth=5] Epoch 107/150 | β=1.000 | lr=2.06e-04 | train=1211.13 | val=693.67
[2026-04-01 22:39:36] INFO     [depth=5] Epoch 108/150 | β=1.000 | lr=1.98e-04 | train=1086.73 | val=693.36
[2026-04-01 22:39:37] INFO     [depth=5] Epoch 109/150 | β=1.000 | lr=1.89e-04 | train=1295.08 | val=695.74
[2026-04-01 22:39:38] INFO     [depth=5] Epoch 110/150 | β=1.000 | lr=1.82e-04 | train=1142.88 | val=718.40
[2026-04-01 22:39:38] INFO     [depth=5] Epoch 111/150 | β=1.000 | lr=1.74e-04 | train=1227.31 | val=773.37
[2026-04-01 22:39:39] INFO     [depth=5] Epoch 112/150 | β=1.000 | lr=1.66e-04 | train=1324.39 | val=776.31
[2026-04-01 22:39:40] INFO     [depth=5] Epoch 113/150 | β=1.000 | lr=1.59e-04 | train=1131.22 | val=756.53
[2026-04-01 22:39:41] INFO     [depth=5] Epoch 114/150 | β=1.000 | lr=1.51e-04 | train=1139.64 | val=786.74
[2026-04-01 22:39:42] INFO     [depth=5] Epoch 115/150 | β=1.000 | lr=1.44e-04 | train=1199.04 | val=763.51
[2026-04-01 22:39:42] INFO     [depth=5] Epoch 116/150 | β=1.000 | lr=1.37e-04 | train=1183.54 | val=782.75
[2026-04-01 22:39:43] INFO     [depth=5] Epoch 117/150 | β=1.000 | lr=1.30e-04 | train=1302.52 | val=761.96
[2026-04-01 22:39:44] INFO     [depth=5] Epoch 118/150 | β=1.000 | lr=1.24e-04 | train=1119.46 | val=756.27
[2026-04-01 22:39:45] INFO     [depth=5] Epoch 119/150 | β=1.000 | lr=1.17e-04 | train=1247.75 | val=720.50
[2026-04-01 22:39:46] INFO     [depth=5] Epoch 120/150 | β=1.000 | lr=1.11e-04 | train=1201.41 | val=729.98
[2026-04-01 22:39:47] INFO     [depth=5] Epoch 121/150 | β=1.000 | lr=1.05e-04 | train=1299.93 | val=704.37
[2026-04-01 22:39:48] INFO     [depth=5] Epoch 122/150 | β=1.000 | lr=9.85e-05 | train=1187.63 | val=781.64
[2026-04-01 22:39:49] INFO     [depth=5] Epoch 123/150 | β=1.000 | lr=9.27e-05 | train=1240.68 | val=738.39
[2026-04-01 22:39:49] INFO     [depth=5] Epoch 124/150 | β=1.000 | lr=8.71e-05 | train=1109.95 | val=725.51
[2026-04-01 22:39:50] INFO     [depth=5] Epoch 125/150 | β=1.000 | lr=8.16e-05 | train=1219.86 | val=730.03
[2026-04-01 22:39:51] INFO     [depth=5] Epoch 126/150 | β=1.000 | lr=7.63e-05 | train=1115.47 | val=725.29
[2026-04-01 22:39:51] INFO     [depth=5] Epoch 127/150 | β=1.000 | lr=7.12e-05 | train=1232.76 | val=743.10
[2026-04-01 22:39:52] INFO     [depth=5] Epoch 128/150 | β=1.000 | lr=6.63e-05 | train=1290.71 | val=749.53
[2026-04-01 22:39:53] INFO     [depth=5] Epoch 129/150 | β=1.000 | lr=6.16e-05 | train=1269.72 | val=739.39
[2026-04-01 22:39:54] INFO     [depth=5] Epoch 130/150 | β=1.000 | lr=5.71e-05 | train=1149.58 | val=726.80
[2026-04-01 22:39:55] INFO     [depth=5] Epoch 131/150 | β=1.000 | lr=5.28e-05 | train=1110.50 | val=726.79
[2026-04-01 22:39:56] INFO     [depth=5] Epoch 132/150 | β=1.000 | lr=4.87e-05 | train=1125.14 | val=715.99
[2026-04-01 22:39:56] INFO     [depth=5] Epoch 133/150 | β=1.000 | lr=4.48e-05 | train=1232.05 | val=712.41
[2026-04-01 22:39:56] INFO     [depth=5] Early stopping at epoch 133, best was epoch 108
[2026-04-01 22:39:56] INFO     [depth=5] Training complete. Best epoch: 108, best val: 693.3644
[2026-04-01 22:39:57] INFO     [depth=5] Test metrics: MSE=0.003379, PSNR=26.03, SSIM=0.9787
[2026-04-01 22:39:58] INFO     Aux classifier early stop at epoch 31
[2026-04-01 22:39:58] INFO     Auxiliary classifier test accuracy: 0.2500
[2026-04-01 22:39:58] INFO     
              precision    recall  f1-score   support

        10pt       0.00      0.00      0.00         3
        14pt       0.00      0.00      0.00         3
        18pt       0.00      0.00      0.00         3
        22pt       0.25      1.00      0.40         3

    accuracy                           0.25        12
   macro avg       0.06      0.25      0.10        12
weighted avg       0.06      0.25      0.10        12

[2026-04-01 22:39:58] INFO     Training depth variant: 6
[2026-04-01 22:39:58] INFO     [depth=6] ==================================================
[2026-04-01 22:39:58] INFO     [depth=6] Starting VARIANT training
[2026-04-01 22:39:58] INFO     [depth=6] Model parameters: 5,606,309
[2026-04-01 22:39:58] INFO     [depth=6] Encoder spatial: 2x2
[2026-04-01 22:39:59] INFO     [depth=6] Epoch 001/150 | β=0.040 | lr=1.00e-03 | train=12722.12 | val=11448.08
[2026-04-01 22:40:00] INFO     [depth=6] Epoch 002/150 | β=0.080 | lr=1.00e-03 | train=10569.81 | val=10867.52
[2026-04-01 22:40:01] INFO     [depth=6] Epoch 003/150 | β=0.120 | lr=1.00e-03 | train=9509.51 | val=10125.80
[2026-04-01 22:40:01] INFO     [depth=6] Epoch 004/150 | β=0.160 | lr=9.99e-04 | train=8736.60 | val=9302.65
[2026-04-01 22:40:02] INFO     [depth=6] Epoch 005/150 | β=0.200 | lr=9.98e-04 | train=8171.86 | val=8509.25
[2026-04-01 22:40:03] INFO     [depth=6] Epoch 006/150 | β=0.240 | lr=9.97e-04 | train=7652.38 | val=7773.42
[2026-04-01 22:40:03] INFO     [depth=6] Epoch 007/150 | β=0.280 | lr=9.96e-04 | train=7207.66 | val=7119.77
[2026-04-01 22:40:04] INFO     [depth=6] Epoch 008/150 | β=0.320 | lr=9.95e-04 | train=6813.49 | val=6579.61
[2026-04-01 22:40:05] INFO     [depth=6] Epoch 009/150 | β=0.360 | lr=9.93e-04 | train=6423.63 | val=6133.66
[2026-04-01 22:40:06] INFO     [depth=6] Epoch 010/150 | β=0.400 | lr=9.91e-04 | train=6050.27 | val=5713.29
[2026-04-01 22:40:06] INFO     [depth=6] Epoch 011/150 | β=0.440 | lr=9.89e-04 | train=5663.41 | val=5333.23
[2026-04-01 22:40:07] INFO     [depth=6] Epoch 012/150 | β=0.480 | lr=9.87e-04 | train=5286.45 | val=4932.00
[2026-04-01 22:40:08] INFO     [depth=6] Epoch 013/150 | β=0.520 | lr=9.84e-04 | train=4979.62 | val=4540.49
[2026-04-01 22:40:08] INFO     [depth=6] Epoch 014/150 | β=0.560 | lr=9.82e-04 | train=4629.55 | val=4245.57
[2026-04-01 22:40:09] INFO     [depth=6] Epoch 015/150 | β=0.600 | lr=9.79e-04 | train=4318.02 | val=3953.23
[2026-04-01 22:40:10] INFO     [depth=6] Epoch 016/150 | β=0.640 | lr=9.76e-04 | train=4104.66 | val=3617.42
[2026-04-01 22:40:11] INFO     [depth=6] Epoch 017/150 | β=0.680 | lr=9.72e-04 | train=3898.96 | val=3335.63
[2026-04-01 22:40:11] INFO     [depth=6] Epoch 018/150 | β=0.720 | lr=9.69e-04 | train=3688.71 | val=3133.38
[2026-04-01 22:40:12] INFO     [depth=6] Epoch 019/150 | β=0.760 | lr=9.65e-04 | train=3419.35 | val=2808.50
[2026-04-01 22:40:13] INFO     [depth=6] Epoch 020/150 | β=0.800 | lr=9.61e-04 | train=3264.41 | val=2699.77
[2026-04-01 22:40:14] INFO     [depth=6] Epoch 021/150 | β=0.840 | lr=9.57e-04 | train=3064.70 | val=2416.54
[2026-04-01 22:40:14] INFO     [depth=6] Epoch 022/150 | β=0.880 | lr=9.53e-04 | train=3019.27 | val=2333.79
[2026-04-01 22:40:15] INFO     [depth=6] Epoch 023/150 | β=0.920 | lr=9.48e-04 | train=2805.48 | val=2303.65
[2026-04-01 22:40:16] INFO     [depth=6] Epoch 024/150 | β=0.960 | lr=9.44e-04 | train=2644.86 | val=2113.54
[2026-04-01 22:40:16] INFO     [depth=6] Epoch 025/150 | β=1.000 | lr=9.39e-04 | train=2587.63 | val=1862.64
[2026-04-01 22:40:17] INFO     [depth=6] Epoch 026/150 | β=1.000 | lr=9.34e-04 | train=2505.43 | val=1859.55
[2026-04-01 22:40:18] INFO     [depth=6] Epoch 027/150 | β=1.000 | lr=9.28e-04 | train=2417.70 | val=1675.61
[2026-04-01 22:40:19] INFO     [depth=6] Epoch 028/150 | β=1.000 | lr=9.23e-04 | train=2201.20 | val=1637.33
[2026-04-01 22:40:19] INFO     [depth=6] Epoch 029/150 | β=1.000 | lr=9.17e-04 | train=2326.53 | val=1553.53
[2026-04-01 22:40:20] INFO     [depth=6] Epoch 030/150 | β=1.000 | lr=9.11e-04 | train=2139.51 | val=1483.04
[2026-04-01 22:40:21] INFO     [depth=6] Epoch 031/150 | β=1.000 | lr=9.05e-04 | train=2155.82 | val=1289.68
[2026-04-01 22:40:21] INFO     [depth=6] Epoch 032/150 | β=1.000 | lr=8.99e-04 | train=2096.59 | val=1249.05
[2026-04-01 22:40:22] INFO     [depth=6] Epoch 033/150 | β=1.000 | lr=8.93e-04 | train=1994.52 | val=1154.17
[2026-04-01 22:40:23] INFO     [depth=6] Epoch 034/150 | β=1.000 | lr=8.86e-04 | train=2016.68 | val=1105.59
[2026-04-01 22:40:24] INFO     [depth=6] Epoch 035/150 | β=1.000 | lr=8.80e-04 | train=1896.20 | val=1057.00
[2026-04-01 22:40:24] INFO     [depth=6] Epoch 036/150 | β=1.000 | lr=8.73e-04 | train=1789.21 | val=1086.68
[2026-04-01 22:40:25] INFO     [depth=6] Epoch 037/150 | β=1.000 | lr=8.66e-04 | train=1903.27 | val=1054.38
[2026-04-01 22:40:26] INFO     [depth=6] Epoch 038/150 | β=1.000 | lr=8.59e-04 | train=2037.35 | val=1019.92
[2026-04-01 22:40:27] INFO     [depth=6] Epoch 039/150 | β=1.000 | lr=8.51e-04 | train=1882.80 | val=884.07
[2026-04-01 22:40:27] INFO     [depth=6] Epoch 040/150 | β=1.000 | lr=8.44e-04 | train=1858.46 | val=888.83
[2026-04-01 22:40:28] INFO     [depth=6] Epoch 041/150 | β=1.000 | lr=8.36e-04 | train=1904.44 | val=906.36
[2026-04-01 22:40:28] INFO     [depth=6] Epoch 042/150 | β=1.000 | lr=8.28e-04 | train=1839.22 | val=870.72
[2026-04-01 22:40:29] INFO     [depth=6] Epoch 043/150 | β=1.000 | lr=8.21e-04 | train=1723.51 | val=894.47
[2026-04-01 22:40:29] INFO     [depth=6] Epoch 044/150 | β=1.000 | lr=8.12e-04 | train=1949.86 | val=884.75
[2026-04-01 22:40:30] INFO     [depth=6] Epoch 045/150 | β=1.000 | lr=8.04e-04 | train=1729.54 | val=853.69
[2026-04-01 22:40:30] INFO     [depth=6] Epoch 046/150 | β=1.000 | lr=7.96e-04 | train=1735.96 | val=905.19
[2026-04-01 22:40:31] INFO     [depth=6] Epoch 047/150 | β=1.000 | lr=7.88e-04 | train=1788.06 | val=888.96
[2026-04-01 22:40:31] INFO     [depth=6] Epoch 048/150 | β=1.000 | lr=7.79e-04 | train=1792.09 | val=825.71
[2026-04-01 22:40:32] INFO     [depth=6] Epoch 049/150 | β=1.000 | lr=7.70e-04 | train=1741.32 | val=832.00
[2026-04-01 22:40:33] INFO     [depth=6] Epoch 050/150 | β=1.000 | lr=7.61e-04 | train=1718.14 | val=887.13
[2026-04-01 22:40:33] INFO     [depth=6] Epoch 051/150 | β=1.000 | lr=7.52e-04 | train=1724.34 | val=825.12
[2026-04-01 22:40:34] INFO     [depth=6] Epoch 052/150 | β=1.000 | lr=7.43e-04 | train=1739.95 | val=855.74
[2026-04-01 22:40:35] INFO     [depth=6] Epoch 053/150 | β=1.000 | lr=7.34e-04 | train=1685.40 | val=817.92
[2026-04-01 22:40:35] INFO     [depth=6] Epoch 054/150 | β=1.000 | lr=7.25e-04 | train=1793.10 | val=774.48
[2026-04-01 22:40:36] INFO     [depth=6] Epoch 055/150 | β=1.000 | lr=7.16e-04 | train=1722.56 | val=808.30
[2026-04-01 22:40:36] INFO     [depth=6] Epoch 056/150 | β=1.000 | lr=7.06e-04 | train=1625.39 | val=827.68
[2026-04-01 22:40:37] INFO     [depth=6] Epoch 057/150 | β=1.000 | lr=6.97e-04 | train=1713.49 | val=796.20
[2026-04-01 22:40:37] INFO     [depth=6] Epoch 058/150 | β=1.000 | lr=6.87e-04 | train=1804.00 | val=842.63
[2026-04-01 22:40:38] INFO     [depth=6] Epoch 059/150 | β=1.000 | lr=6.78e-04 | train=1751.73 | val=821.18
[2026-04-01 22:40:38] INFO     [depth=6] Epoch 060/150 | β=1.000 | lr=6.68e-04 | train=1752.85 | val=838.75
[2026-04-01 22:40:39] INFO     [depth=6] Epoch 061/150 | β=1.000 | lr=6.58e-04 | train=1777.82 | val=796.71
[2026-04-01 22:40:39] INFO     [depth=6] Epoch 062/150 | β=1.000 | lr=6.48e-04 | train=1714.32 | val=796.19
[2026-04-01 22:40:40] INFO     [depth=6] Epoch 063/150 | β=1.000 | lr=6.38e-04 | train=1615.92 | val=789.64
[2026-04-01 22:40:40] INFO     [depth=6] Epoch 064/150 | β=1.000 | lr=6.28e-04 | train=1430.18 | val=869.66
[2026-04-01 22:40:41] INFO     [depth=6] Epoch 065/150 | β=1.000 | lr=6.18e-04 | train=1503.88 | val=834.78
[2026-04-01 22:40:41] INFO     [depth=6] Epoch 066/150 | β=1.000 | lr=6.08e-04 | train=1478.60 | val=946.98
[2026-04-01 22:40:42] INFO     [depth=6] Epoch 067/150 | β=1.000 | lr=5.98e-04 | train=1555.36 | val=849.27
[2026-04-01 22:40:42] INFO     [depth=6] Epoch 068/150 | β=1.000 | lr=5.88e-04 | train=1479.16 | val=772.12
[2026-04-01 22:40:43] INFO     [depth=6] Epoch 069/150 | β=1.000 | lr=5.77e-04 | train=1482.06 | val=848.94
[2026-04-01 22:40:44] INFO     [depth=6] Epoch 070/150 | β=1.000 | lr=5.67e-04 | train=1391.82 | val=985.22
[2026-04-01 22:40:44] INFO     [depth=6] Epoch 071/150 | β=1.000 | lr=5.57e-04 | train=1535.35 | val=864.15
[2026-04-01 22:40:45] INFO     [depth=6] Epoch 072/150 | β=1.000 | lr=5.46e-04 | train=1518.69 | val=893.47
[2026-04-01 22:40:45] INFO     [depth=6] Epoch 073/150 | β=1.000 | lr=5.36e-04 | train=1460.54 | val=822.41
[2026-04-01 22:40:46] INFO     [depth=6] Epoch 074/150 | β=1.000 | lr=5.26e-04 | train=1484.60 | val=864.57
[2026-04-01 22:40:46] INFO     [depth=6] Epoch 075/150 | β=1.000 | lr=5.15e-04 | train=1416.63 | val=959.80
[2026-04-01 22:40:47] INFO     [depth=6] Epoch 076/150 | β=1.000 | lr=5.05e-04 | train=1368.80 | val=886.89
[2026-04-01 22:40:47] INFO     [depth=6] Epoch 077/150 | β=1.000 | lr=4.95e-04 | train=1418.77 | val=817.61
[2026-04-01 22:40:48] INFO     [depth=6] Epoch 078/150 | β=1.000 | lr=4.84e-04 | train=1215.83 | val=813.55
[2026-04-01 22:40:49] INFO     [depth=6] Epoch 079/150 | β=1.000 | lr=4.74e-04 | train=1264.03 | val=846.05
[2026-04-01 22:40:49] INFO     [depth=6] Epoch 080/150 | β=1.000 | lr=4.64e-04 | train=1399.04 | val=934.75
[2026-04-01 22:40:50] INFO     [depth=6] Epoch 081/150 | β=1.000 | lr=4.53e-04 | train=1496.85 | val=909.08
[2026-04-01 22:40:50] INFO     [depth=6] Epoch 082/150 | β=1.000 | lr=4.43e-04 | train=1368.25 | val=975.26
[2026-04-01 22:40:51] INFO     [depth=6] Epoch 083/150 | β=1.000 | lr=4.33e-04 | train=1416.21 | val=932.17
[2026-04-01 22:40:51] INFO     [depth=6] Epoch 084/150 | β=1.000 | lr=4.22e-04 | train=1305.39 | val=958.31
[2026-04-01 22:40:52] INFO     [depth=6] Epoch 085/150 | β=1.000 | lr=4.12e-04 | train=1278.77 | val=925.26
[2026-04-01 22:40:52] INFO     [depth=6] Epoch 086/150 | β=1.000 | lr=4.02e-04 | train=1346.13 | val=831.26
[2026-04-01 22:40:52] INFO     [depth=6] Epoch 087/150 | β=1.000 | lr=3.92e-04 | train=1292.03 | val=868.74
[2026-04-01 22:40:53] INFO     [depth=6] Epoch 088/150 | β=1.000 | lr=3.82e-04 | train=1218.72 | val=963.72
[2026-04-01 22:40:53] INFO     [depth=6] Epoch 089/150 | β=1.000 | lr=3.72e-04 | train=1438.89 | val=990.44
[2026-04-01 22:40:54] INFO     [depth=6] Epoch 090/150 | β=1.000 | lr=3.62e-04 | train=1552.29 | val=980.62
[2026-04-01 22:40:54] INFO     [depth=6] Epoch 091/150 | β=1.000 | lr=3.52e-04 | train=1315.05 | val=1003.78
[2026-04-01 22:40:55] INFO     [depth=6] Epoch 092/150 | β=1.000 | lr=3.42e-04 | train=1228.37 | val=1090.49
[2026-04-01 22:40:55] INFO     [depth=6] Epoch 093/150 | β=1.000 | lr=3.32e-04 | train=1492.37 | val=1014.70
[2026-04-01 22:40:55] INFO     [depth=6] Early stopping at epoch 93, best was epoch 68
[2026-04-01 22:40:56] INFO     [depth=6] Training complete. Best epoch: 68, best val: 772.1219
[2026-04-01 22:40:56] INFO     [depth=6] Test metrics: MSE=0.004798, PSNR=24.09, SSIM=0.9702
[2026-04-01 22:40:57] INFO     Aux classifier early stop at epoch 31
[2026-04-01 22:40:57] INFO     Auxiliary classifier test accuracy: 0.2500
[2026-04-01 22:40:57] INFO     
              precision    recall  f1-score   support

        10pt       0.00      0.00      0.00         3
        14pt       0.00      0.00      0.00         3
        18pt       0.25      1.00      0.40         3
        22pt       0.00      0.00      0.00         3

    accuracy                           0.25        12
   macro avg       0.06      0.25      0.10        12
weighted avg       0.06      0.25      0.10        12

[2026-04-01 22:40:57] INFO     Compiling experiment summary
[2026-04-01 22:40:57] INFO     
[2026-04-01 22:40:57] INFO     ======================================================================
[2026-04-01 22:40:57] INFO     EXPERIMENT 1 COMPLETE — Artifact Manifest:
[2026-04-01 22:40:57] INFO     ======================================================================
[2026-04-01 22:40:57] INFO       reports/auxiliary_classifier_report.json
[2026-04-01 22:40:57] INFO       reports/dataset_quality_report.json
[2026-04-01 22:40:57] INFO       reports/depth_scaling_comparison.md
[2026-04-01 22:40:57] INFO       reports/evaluation_matrix.md
[2026-04-01 22:40:57] INFO       reports/experiment_1_summary.md
[2026-04-01 22:40:57] INFO       reports/gaussian_analysis.json
[2026-04-01 22:40:57] INFO       reports/metrics_summary.json
[2026-04-01 22:40:57] INFO       model/depth4/best_model.pt
[2026-04-01 22:40:57] INFO       model/depth4/final_model.pt
[2026-04-01 22:40:57] INFO       model/depth5/best_model.pt
[2026-04-01 22:40:57] INFO       model/depth5/final_model.pt
[2026-04-01 22:40:57] INFO       model/depth6/best_model.pt
[2026-04-01 22:40:57] INFO       model/depth6/final_model.pt
[2026-04-01 22:40:57] INFO       plots/beta_schedule.png
[2026-04-01 22:40:57] INFO       plots/confusion_matrix.png
[2026-04-01 22:40:57] INFO       plots/depth5/beta_schedule.png
[2026-04-01 22:40:57] INFO       plots/depth5/loss_kl.png
[2026-04-01 22:40:57] INFO       plots/depth5/loss_recon.png
[2026-04-01 22:40:57] INFO       plots/depth5/loss_total.png
[2026-04-01 22:40:57] INFO       plots/depth5/lr_schedule.png
[2026-04-01 22:40:57] INFO       plots/depth6/beta_schedule.png
[2026-04-01 22:40:57] INFO       plots/depth6/loss_kl.png
[2026-04-01 22:40:57] INFO       plots/depth6/loss_recon.png
[2026-04-01 22:40:57] INFO       plots/depth6/loss_total.png
[2026-04-01 22:40:57] INFO       plots/depth6/lr_schedule.png
[2026-04-01 22:40:57] INFO       plots/gaussian_samples.png
[2026-04-01 22:40:57] INFO       plots/latent_gaussian_fit.png
[2026-04-01 22:40:57] INFO       plots/latent_space_2d.png
[2026-04-01 22:40:57] INFO       plots/latent_space_2d_depth5.png
[2026-04-01 22:40:57] INFO       plots/latent_space_2d_depth6.png
[2026-04-01 22:40:57] INFO       plots/latent_traversal_grid.png
[2026-04-01 22:40:57] INFO       plots/loss_kl.png
[2026-04-01 22:40:57] INFO       plots/loss_recon.png
[2026-04-01 22:40:57] INFO       plots/loss_total.png
[2026-04-01 22:40:57] INFO       plots/lr_schedule.png
[2026-04-01 22:40:57] INFO       plots/random_samples.png
[2026-04-01 22:40:57] INFO       plots/reconstructions.png
[2026-04-01 22:40:57] INFO       plots/reconstructions_depth5.png
[2026-04-01 22:40:57] INFO       plots/reconstructions_depth6.png
[2026-04-01 22:40:57] INFO       logs/training.log
[2026-04-01 22:40:57] INFO       logs/training_history.csv
[2026-04-01 22:40:57] INFO       logs/training_history_depth5.csv
[2026-04-01 22:40:57] INFO       logs/training_history_depth6.csv
[2026-04-01 22:40:57] INFO     ======================================================================
