[2026-04-01 23:00:09] INFO     ======================================================================
[2026-04-01 23:00:09] INFO     EXPERIMENT: Exp2 Telugu: Single Font, Multi Letter (lohit_telugu, 13 vowels)
[2026-04-01 23:00:09] INFO     ======================================================================
[2026-04-01 23:00:09] INFO     Step 1: Collecting data and quality audit
[2026-04-01 23:00:09] INFO     Collected 1040 images
[2026-04-01 23:00:10] INFO     Step 2: Splitting data
[2026-04-01 23:00:10] INFO     Split: train=728, val=156, test=156
[2026-04-01 23:00:10] INFO     Classification targets: {'letter': 13, 'point_size': 4}
[2026-04-01 23:00:10] INFO       letter: ['a', 'aa', 'aha', 'ai', 'am', 'au', 'e', 'i', 'ii', 'o', 'ri', 'u', 'uu']
[2026-04-01 23:00:10] INFO       point_size: ['10pt', '14pt', '18pt', '22pt']
[2026-04-01 23:00:10] INFO     Device: cpu
[2026-04-01 23:00:10] INFO     Step 3: Training baseline model (depth=4)
[2026-04-01 23:00:10] INFO     [depth=4] Parameters: 1,789,009, spatial: 8x8
[2026-04-01 23:00:17] INFO     [depth=4] Epoch 001/200 | β=0.017 | lr=1.00e-03 | train=4676.07 | val=2263.25
[2026-04-01 23:00:23] INFO     [depth=4] Epoch 002/200 | β=0.033 | lr=1.00e-03 | train=2419.14 | val=1419.05
[2026-04-01 23:00:32] INFO     [depth=4] Epoch 003/200 | β=0.050 | lr=1.00e-03 | train=2041.18 | val=1260.58
[2026-04-01 23:00:40] INFO     [depth=4] Epoch 004/200 | β=0.067 | lr=9.99e-04 | train=1810.95 | val=1155.82
[2026-04-01 23:00:48] INFO     [depth=4] Epoch 005/200 | β=0.083 | lr=9.99e-04 | train=1666.48 | val=1148.92
[2026-04-01 23:00:56] INFO     [depth=4] Epoch 006/200 | β=0.100 | lr=9.98e-04 | train=1557.08 | val=1053.86
[2026-04-01 23:01:03] INFO     [depth=4] Epoch 007/200 | β=0.117 | lr=9.98e-04 | train=1499.28 | val=1012.54
[2026-04-01 23:01:10] INFO     [depth=4] Epoch 008/200 | β=0.133 | lr=9.97e-04 | train=1471.55 | val=1009.30
[2026-04-01 23:01:18] INFO     [depth=4] Epoch 009/200 | β=0.150 | lr=9.96e-04 | train=1423.35 | val=1007.07
[2026-04-01 23:01:26] INFO     [depth=4] Epoch 010/200 | β=0.167 | lr=9.95e-04 | train=1385.18 | val=1023.65
[2026-04-01 23:01:33] INFO     [depth=4] Epoch 011/200 | β=0.183 | lr=9.94e-04 | train=1344.78 | val=935.66
[2026-04-01 23:01:40] INFO     [depth=4] Epoch 012/200 | β=0.200 | lr=9.93e-04 | train=1283.63 | val=898.94
[2026-04-01 23:01:47] INFO     [depth=4] Epoch 013/200 | β=0.217 | lr=9.91e-04 | train=1330.02 | val=887.42
[2026-04-01 23:01:53] INFO     [depth=4] Epoch 014/200 | β=0.233 | lr=9.90e-04 | train=1259.97 | val=874.33
[2026-04-01 23:02:00] INFO     [depth=4] Epoch 015/200 | β=0.250 | lr=9.88e-04 | train=1232.76 | val=1067.08
[2026-04-01 23:02:06] INFO     [depth=4] Epoch 016/200 | β=0.267 | lr=9.86e-04 | train=1219.48 | val=1344.54
[2026-04-01 23:02:12] INFO     [depth=4] Epoch 017/200 | β=0.283 | lr=9.84e-04 | train=1223.01 | val=831.45
[2026-04-01 23:02:19] INFO     [depth=4] Epoch 018/200 | β=0.300 | lr=9.82e-04 | train=1219.39 | val=832.95
[2026-04-01 23:02:25] INFO     [depth=4] Epoch 019/200 | β=0.317 | lr=9.80e-04 | train=1142.88 | val=818.26
[2026-04-01 23:02:32] INFO     [depth=4] Epoch 020/200 | β=0.333 | lr=9.78e-04 | train=1170.80 | val=864.52
[2026-04-01 23:02:39] INFO     [depth=4] Epoch 021/200 | β=0.350 | lr=9.76e-04 | train=1154.87 | val=786.13
[2026-04-01 23:02:45] INFO     [depth=4] Epoch 022/200 | β=0.367 | lr=9.73e-04 | train=1162.15 | val=759.81
[2026-04-01 23:02:52] INFO     [depth=4] Epoch 023/200 | β=0.383 | lr=9.71e-04 | train=1118.04 | val=910.83
[2026-04-01 23:02:59] INFO     [depth=4] Epoch 024/200 | β=0.400 | lr=9.68e-04 | train=1132.61 | val=760.39
[2026-04-01 23:03:05] INFO     [depth=4] Epoch 025/200 | β=0.417 | lr=9.65e-04 | train=1145.36 | val=1246.60
[2026-04-01 23:03:12] INFO     [depth=4] Epoch 026/200 | β=0.433 | lr=9.62e-04 | train=1115.17 | val=746.39
[2026-04-01 23:03:19] INFO     [depth=4] Epoch 027/200 | β=0.450 | lr=9.59e-04 | train=1120.65 | val=735.05
[2026-04-01 23:03:26] INFO     [depth=4] Epoch 028/200 | β=0.467 | lr=9.56e-04 | train=1124.17 | val=781.33
[2026-04-01 23:03:32] INFO     [depth=4] Epoch 029/200 | β=0.483 | lr=9.53e-04 | train=1099.25 | val=737.57
[2026-04-01 23:03:39] INFO     [depth=4] Epoch 030/200 | β=0.500 | lr=9.50e-04 | train=1068.56 | val=708.23
[2026-04-01 23:03:46] INFO     [depth=4] Epoch 031/200 | β=0.500 | lr=9.46e-04 | train=1055.96 | val=780.33
[2026-04-01 23:03:52] INFO     [depth=4] Epoch 032/200 | β=0.500 | lr=9.42e-04 | train=1041.88 | val=995.52
[2026-04-01 23:03:59] INFO     [depth=4] Epoch 033/200 | β=0.500 | lr=9.39e-04 | train=1035.37 | val=658.99
[2026-04-01 23:04:06] INFO     [depth=4] Epoch 034/200 | β=0.500 | lr=9.35e-04 | train=1031.89 | val=910.35
[2026-04-01 23:04:12] INFO     [depth=4] Epoch 035/200 | β=0.500 | lr=9.31e-04 | train=1066.28 | val=730.69
[2026-04-01 23:04:19] INFO     [depth=4] Epoch 036/200 | β=0.500 | lr=9.27e-04 | train=1055.49 | val=704.80
[2026-04-01 23:04:26] INFO     [depth=4] Epoch 037/200 | β=0.500 | lr=9.23e-04 | train=1050.17 | val=700.77
[2026-04-01 23:04:35] INFO     [depth=4] Epoch 038/200 | β=0.500 | lr=9.19e-04 | train=1003.28 | val=845.55
[2026-04-01 23:04:42] INFO     [depth=4] Epoch 039/200 | β=0.500 | lr=9.14e-04 | train=1071.20 | val=713.89
[2026-04-01 23:04:48] INFO     [depth=4] Epoch 040/200 | β=0.500 | lr=9.10e-04 | train=1031.24 | val=940.76
[2026-04-01 23:04:55] INFO     [depth=4] Epoch 041/200 | β=0.500 | lr=9.05e-04 | train=993.76 | val=1251.34
[2026-04-01 23:05:02] INFO     [depth=4] Epoch 042/200 | β=0.500 | lr=9.01e-04 | train=1051.37 | val=5120.29
[2026-04-01 23:05:08] INFO     [depth=4] Epoch 043/200 | β=0.500 | lr=8.96e-04 | train=1001.19 | val=789.79
[2026-04-01 23:05:15] INFO     [depth=4] Epoch 044/200 | β=0.500 | lr=8.91e-04 | train=1046.46 | val=799.19
[2026-04-01 23:05:21] INFO     [depth=4] Epoch 045/200 | β=0.500 | lr=8.86e-04 | train=994.00 | val=661.64
[2026-04-01 23:05:27] INFO     [depth=4] Epoch 046/200 | β=0.500 | lr=8.81e-04 | train=970.58 | val=682.84
[2026-04-01 23:05:33] INFO     [depth=4] Epoch 047/200 | β=0.500 | lr=8.76e-04 | train=995.84 | val=657.72
[2026-04-01 23:05:41] INFO     [depth=4] Epoch 048/200 | β=0.500 | lr=8.71e-04 | train=995.81 | val=724.45
[2026-04-01 23:05:48] INFO     [depth=4] Epoch 049/200 | β=0.500 | lr=8.66e-04 | train=970.72 | val=652.00
[2026-04-01 23:05:54] INFO     [depth=4] Epoch 050/200 | β=0.500 | lr=8.60e-04 | train=990.74 | val=662.81
[2026-04-01 23:06:01] INFO     [depth=4] Epoch 051/200 | β=0.500 | lr=8.55e-04 | train=1004.31 | val=620.26
[2026-04-01 23:06:07] INFO     [depth=4] Epoch 052/200 | β=0.500 | lr=8.49e-04 | train=960.18 | val=721.41
[2026-04-01 23:06:14] INFO     [depth=4] Epoch 053/200 | β=0.500 | lr=8.44e-04 | train=1018.95 | val=619.35
[2026-04-01 23:06:20] INFO     [depth=4] Epoch 054/200 | β=0.500 | lr=8.38e-04 | train=949.40 | val=606.57
[2026-04-01 23:06:27] INFO     [depth=4] Epoch 055/200 | β=0.500 | lr=8.32e-04 | train=956.89 | val=673.57
[2026-04-01 23:06:33] INFO     [depth=4] Epoch 056/200 | β=0.500 | lr=8.26e-04 | train=989.96 | val=610.59
[2026-04-01 23:06:41] INFO     [depth=4] Epoch 057/200 | β=0.500 | lr=8.21e-04 | train=962.04 | val=614.54
[2026-04-01 23:06:47] INFO     [depth=4] Epoch 058/200 | β=0.500 | lr=8.14e-04 | train=929.24 | val=634.12
[2026-04-01 23:06:54] INFO     [depth=4] Epoch 059/200 | β=0.500 | lr=8.08e-04 | train=988.20 | val=664.71
[2026-04-01 23:07:00] INFO     [depth=4] Epoch 060/200 | β=0.500 | lr=8.02e-04 | train=954.32 | val=1096.13
[2026-04-01 23:07:07] INFO     [depth=4] Epoch 061/200 | β=0.500 | lr=7.96e-04 | train=930.63 | val=731.03
[2026-04-01 23:07:13] INFO     [depth=4] Epoch 062/200 | β=0.500 | lr=7.90e-04 | train=970.84 | val=613.93
[2026-04-01 23:07:21] INFO     [depth=4] Epoch 063/200 | β=0.500 | lr=7.83e-04 | train=944.53 | val=587.03
[2026-04-01 23:07:27] INFO     [depth=4] Epoch 064/200 | β=0.500 | lr=7.77e-04 | train=946.29 | val=628.66
[2026-04-01 23:07:33] INFO     [depth=4] Epoch 065/200 | β=0.500 | lr=7.70e-04 | train=957.97 | val=587.54
[2026-04-01 23:07:40] INFO     [depth=4] Epoch 066/200 | β=0.500 | lr=7.64e-04 | train=950.99 | val=870.73
[2026-04-01 23:07:47] INFO     [depth=4] Epoch 067/200 | β=0.500 | lr=7.57e-04 | train=913.37 | val=584.06
[2026-04-01 23:07:54] INFO     [depth=4] Epoch 068/200 | β=0.500 | lr=7.50e-04 | train=966.57 | val=621.57
[2026-04-01 23:08:01] INFO     [depth=4] Epoch 069/200 | β=0.500 | lr=7.43e-04 | train=928.88 | val=589.28
[2026-04-01 23:08:07] INFO     [depth=4] Epoch 070/200 | β=0.500 | lr=7.37e-04 | train=943.54 | val=633.60
[2026-04-01 23:08:13] INFO     [depth=4] Epoch 071/200 | β=0.500 | lr=7.30e-04 | train=923.39 | val=605.60
[2026-04-01 23:08:20] INFO     [depth=4] Epoch 072/200 | β=0.500 | lr=7.23e-04 | train=930.88 | val=613.78
[2026-04-01 23:08:27] INFO     [depth=4] Epoch 073/200 | β=0.500 | lr=7.16e-04 | train=932.58 | val=595.23
[2026-04-01 23:08:34] INFO     [depth=4] Epoch 074/200 | β=0.500 | lr=7.09e-04 | train=921.51 | val=668.92
[2026-04-01 23:08:40] INFO     [depth=4] Epoch 075/200 | β=0.500 | lr=7.02e-04 | train=915.54 | val=576.80
[2026-04-01 23:08:47] INFO     [depth=4] Epoch 076/200 | β=0.500 | lr=6.94e-04 | train=933.38 | val=694.35
[2026-04-01 23:08:53] INFO     [depth=4] Epoch 077/200 | β=0.500 | lr=6.87e-04 | train=919.16 | val=713.03
[2026-04-01 23:08:59] INFO     [depth=4] Epoch 078/200 | β=0.500 | lr=6.80e-04 | train=944.05 | val=596.85
[2026-04-01 23:09:06] INFO     [depth=4] Epoch 079/200 | β=0.500 | lr=6.73e-04 | train=926.82 | val=577.05
[2026-04-01 23:09:17] INFO     [depth=4] Epoch 080/200 | β=0.500 | lr=6.65e-04 | train=920.00 | val=589.77
[2026-04-01 23:09:25] INFO     [depth=4] Epoch 081/200 | β=0.500 | lr=6.58e-04 | train=903.64 | val=566.22
[2026-04-01 23:09:32] INFO     [depth=4] Epoch 082/200 | β=0.500 | lr=6.51e-04 | train=922.12 | val=572.35
[2026-04-01 23:09:38] INFO     [depth=4] Epoch 083/200 | β=0.500 | lr=6.43e-04 | train=897.12 | val=603.87
[2026-04-01 23:09:45] INFO     [depth=4] Epoch 084/200 | β=0.500 | lr=6.36e-04 | train=872.06 | val=567.36
[2026-04-01 23:09:52] INFO     [depth=4] Epoch 085/200 | β=0.500 | lr=6.28e-04 | train=896.23 | val=645.72
[2026-04-01 23:09:58] INFO     [depth=4] Epoch 086/200 | β=0.500 | lr=6.21e-04 | train=892.96 | val=555.69
[2026-04-01 23:10:05] INFO     [depth=4] Epoch 087/200 | β=0.500 | lr=6.13e-04 | train=903.87 | val=600.14
[2026-04-01 23:10:13] INFO     [depth=4] Epoch 088/200 | β=0.500 | lr=6.05e-04 | train=895.00 | val=570.85
[2026-04-01 23:10:21] INFO     [depth=4] Epoch 089/200 | β=0.500 | lr=5.98e-04 | train=894.23 | val=595.81
[2026-04-01 23:10:28] INFO     [depth=4] Epoch 090/200 | β=0.500 | lr=5.90e-04 | train=890.98 | val=573.90
[2026-04-01 23:10:36] INFO     [depth=4] Epoch 091/200 | β=0.500 | lr=5.82e-04 | train=902.99 | val=554.74
[2026-04-01 23:10:43] INFO     [depth=4] Epoch 092/200 | β=0.500 | lr=5.75e-04 | train=907.09 | val=582.12
[2026-04-01 23:10:50] INFO     [depth=4] Epoch 093/200 | β=0.500 | lr=5.67e-04 | train=916.74 | val=606.08
[2026-04-01 23:10:57] INFO     [depth=4] Epoch 094/200 | β=0.500 | lr=5.59e-04 | train=884.11 | val=571.77
[2026-04-01 23:11:04] INFO     [depth=4] Epoch 095/200 | β=0.500 | lr=5.52e-04 | train=883.83 | val=580.79
[2026-04-01 23:11:11] INFO     [depth=4] Epoch 096/200 | β=0.500 | lr=5.44e-04 | train=875.60 | val=610.85
[2026-04-01 23:11:18] INFO     [depth=4] Epoch 097/200 | β=0.500 | lr=5.36e-04 | train=922.59 | val=561.45
[2026-04-01 23:11:25] INFO     [depth=4] Epoch 098/200 | β=0.500 | lr=5.28e-04 | train=903.34 | val=584.71
[2026-04-01 23:11:32] INFO     [depth=4] Epoch 099/200 | β=0.500 | lr=5.21e-04 | train=868.81 | val=634.64
[2026-04-01 23:11:40] INFO     [depth=4] Epoch 100/200 | β=0.500 | lr=5.13e-04 | train=892.74 | val=556.16
[2026-04-01 23:11:47] INFO     [depth=4] Epoch 101/200 | β=0.500 | lr=5.05e-04 | train=893.62 | val=572.43
[2026-04-01 23:11:54] INFO     [depth=4] Epoch 102/200 | β=0.500 | lr=4.97e-04 | train=898.32 | val=549.16
[2026-04-01 23:12:04] INFO     [depth=4] Epoch 103/200 | β=0.500 | lr=4.89e-04 | train=874.10 | val=554.53
[2026-04-01 23:12:12] INFO     [depth=4] Epoch 104/200 | β=0.500 | lr=4.82e-04 | train=850.85 | val=615.47
[2026-04-01 23:12:20] INFO     [depth=4] Epoch 105/200 | β=0.500 | lr=4.74e-04 | train=875.23 | val=554.38
[2026-04-01 23:12:28] INFO     [depth=4] Epoch 106/200 | β=0.500 | lr=4.66e-04 | train=875.92 | val=561.91
[2026-04-01 23:12:35] INFO     [depth=4] Epoch 107/200 | β=0.500 | lr=4.58e-04 | train=864.61 | val=551.57
[2026-04-01 23:12:44] INFO     [depth=4] Epoch 108/200 | β=0.500 | lr=4.51e-04 | train=888.90 | val=573.52
[2026-04-01 23:12:52] INFO     [depth=4] Epoch 109/200 | β=0.500 | lr=4.43e-04 | train=867.26 | val=550.89
[2026-04-01 23:12:59] INFO     [depth=4] Epoch 110/200 | β=0.500 | lr=4.35e-04 | train=881.56 | val=553.86
[2026-04-01 23:13:06] INFO     [depth=4] Epoch 111/200 | β=0.500 | lr=4.28e-04 | train=878.65 | val=630.99
[2026-04-01 23:13:14] INFO     [depth=4] Epoch 112/200 | β=0.500 | lr=4.20e-04 | train=855.45 | val=569.67
[2026-04-01 23:13:22] INFO     [depth=4] Epoch 113/200 | β=0.500 | lr=4.12e-04 | train=875.12 | val=573.25
[2026-04-01 23:13:30] INFO     [depth=4] Epoch 114/200 | β=0.500 | lr=4.05e-04 | train=896.25 | val=549.90
[2026-04-01 23:13:37] INFO     [depth=4] Epoch 115/200 | β=0.500 | lr=3.97e-04 | train=866.40 | val=551.94
[2026-04-01 23:13:45] INFO     [depth=4] Epoch 116/200 | β=0.500 | lr=3.89e-04 | train=858.62 | val=544.80
[2026-04-01 23:13:52] INFO     [depth=4] Epoch 117/200 | β=0.500 | lr=3.82e-04 | train=938.40 | val=553.49
[2026-04-01 23:14:00] INFO     [depth=4] Epoch 118/200 | β=0.500 | lr=3.74e-04 | train=877.62 | val=542.90
[2026-04-01 23:14:09] INFO     [depth=4] Epoch 119/200 | β=0.500 | lr=3.67e-04 | train=859.33 | val=549.06
[2026-04-01 23:14:17] INFO     [depth=4] Epoch 120/200 | β=0.500 | lr=3.59e-04 | train=854.11 | val=561.62
[2026-04-01 23:14:24] INFO     [depth=4] Epoch 121/200 | β=0.500 | lr=3.52e-04 | train=860.68 | val=547.46
[2026-04-01 23:14:31] INFO     [depth=4] Epoch 122/200 | β=0.500 | lr=3.45e-04 | train=854.22 | val=546.39
[2026-04-01 23:14:39] INFO     [depth=4] Epoch 123/200 | β=0.500 | lr=3.37e-04 | train=850.37 | val=553.77
[2026-04-01 23:14:47] INFO     [depth=4] Epoch 124/200 | β=0.500 | lr=3.30e-04 | train=889.03 | val=537.13
[2026-04-01 23:14:56] INFO     [depth=4] Epoch 125/200 | β=0.500 | lr=3.23e-04 | train=848.61 | val=533.44
[2026-04-01 23:15:05] INFO     [depth=4] Epoch 126/200 | β=0.500 | lr=3.16e-04 | train=837.52 | val=575.46
[2026-04-01 23:15:14] INFO     [depth=4] Epoch 127/200 | β=0.500 | lr=3.08e-04 | train=865.22 | val=571.37
[2026-04-01 23:15:23] INFO     [depth=4] Epoch 128/200 | β=0.500 | lr=3.01e-04 | train=873.03 | val=539.89
[2026-04-01 23:15:31] INFO     [depth=4] Epoch 129/200 | β=0.500 | lr=2.94e-04 | train=846.31 | val=531.31
[2026-04-01 23:15:38] INFO     [depth=4] Epoch 130/200 | β=0.500 | lr=2.87e-04 | train=873.90 | val=544.24
[2026-04-01 23:15:46] INFO     [depth=4] Epoch 131/200 | β=0.500 | lr=2.80e-04 | train=845.10 | val=526.28
[2026-04-01 23:15:53] INFO     [depth=4] Epoch 132/200 | β=0.500 | lr=2.73e-04 | train=824.20 | val=529.83
[2026-04-01 23:15:59] INFO     [depth=4] Epoch 133/200 | β=0.500 | lr=2.67e-04 | train=883.07 | val=525.95
[2026-04-01 23:16:06] INFO     [depth=4] Epoch 134/200 | β=0.500 | lr=2.60e-04 | train=869.09 | val=531.40
[2026-04-01 23:16:12] INFO     [depth=4] Epoch 135/200 | β=0.500 | lr=2.53e-04 | train=846.12 | val=544.57
[2026-04-01 23:16:19] INFO     [depth=4] Epoch 136/200 | β=0.500 | lr=2.46e-04 | train=816.54 | val=524.67
[2026-04-01 23:16:25] INFO     [depth=4] Epoch 137/200 | β=0.500 | lr=2.40e-04 | train=859.23 | val=531.95
[2026-04-01 23:16:32] INFO     [depth=4] Epoch 138/200 | β=0.500 | lr=2.33e-04 | train=853.78 | val=534.92
[2026-04-01 23:16:39] INFO     [depth=4] Epoch 139/200 | β=0.500 | lr=2.27e-04 | train=855.60 | val=538.23
[2026-04-01 23:16:46] INFO     [depth=4] Epoch 140/200 | β=0.500 | lr=2.20e-04 | train=812.55 | val=533.64
[2026-04-01 23:16:53] INFO     [depth=4] Epoch 141/200 | β=0.500 | lr=2.14e-04 | train=844.77 | val=531.04
[2026-04-01 23:17:00] INFO     [depth=4] Epoch 142/200 | β=0.500 | lr=2.08e-04 | train=836.42 | val=524.90
[2026-04-01 23:17:06] INFO     [depth=4] Epoch 143/200 | β=0.500 | lr=2.02e-04 | train=903.25 | val=532.97
[2026-04-01 23:17:14] INFO     [depth=4] Epoch 144/200 | β=0.500 | lr=1.96e-04 | train=814.81 | val=665.84
[2026-04-01 23:17:21] INFO     [depth=4] Epoch 145/200 | β=0.500 | lr=1.89e-04 | train=844.96 | val=522.70
[2026-04-01 23:17:27] INFO     [depth=4] Epoch 146/200 | β=0.500 | lr=1.84e-04 | train=840.54 | val=584.55
[2026-04-01 23:17:34] INFO     [depth=4] Epoch 147/200 | β=0.500 | lr=1.78e-04 | train=845.96 | val=523.13
[2026-04-01 23:17:40] INFO     [depth=4] Epoch 148/200 | β=0.500 | lr=1.72e-04 | train=853.85 | val=541.57
[2026-04-01 23:17:47] INFO     [depth=4] Epoch 149/200 | β=0.500 | lr=1.66e-04 | train=879.01 | val=523.04
[2026-04-01 23:17:53] INFO     [depth=4] Epoch 150/200 | β=0.500 | lr=1.61e-04 | train=825.92 | val=554.94
[2026-04-01 23:18:00] INFO     [depth=4] Epoch 151/200 | β=0.500 | lr=1.55e-04 | train=863.92 | val=521.49
[2026-04-01 23:18:06] INFO     [depth=4] Epoch 152/200 | β=0.500 | lr=1.50e-04 | train=875.04 | val=522.37
[2026-04-01 23:18:12] INFO     [depth=4] Epoch 153/200 | β=0.500 | lr=1.44e-04 | train=852.65 | val=519.71
[2026-04-01 23:18:19] INFO     [depth=4] Epoch 154/200 | β=0.500 | lr=1.39e-04 | train=837.66 | val=550.93
[2026-04-01 23:18:25] INFO     [depth=4] Epoch 155/200 | β=0.500 | lr=1.34e-04 | train=848.98 | val=520.57
[2026-04-01 23:18:32] INFO     [depth=4] Epoch 156/200 | β=0.500 | lr=1.29e-04 | train=871.05 | val=531.00
[2026-04-01 23:18:38] INFO     [depth=4] Epoch 157/200 | β=0.500 | lr=1.24e-04 | train=830.92 | val=537.99
[2026-04-01 23:18:44] INFO     [depth=4] Epoch 158/200 | β=0.500 | lr=1.19e-04 | train=851.21 | val=518.90
[2026-04-01 23:18:51] INFO     [depth=4] Epoch 159/200 | β=0.500 | lr=1.14e-04 | train=845.44 | val=519.91
[2026-04-01 23:18:57] INFO     [depth=4] Epoch 160/200 | β=0.500 | lr=1.09e-04 | train=866.66 | val=534.34
[2026-04-01 23:19:03] INFO     [depth=4] Epoch 161/200 | β=0.500 | lr=1.05e-04 | train=859.79 | val=519.99
[2026-04-01 23:19:09] INFO     [depth=4] Epoch 162/200 | β=0.500 | lr=1.00e-04 | train=858.56 | val=518.79
[2026-04-01 23:19:16] INFO     [depth=4] Epoch 163/200 | β=0.500 | lr=9.56e-05 | train=859.55 | val=522.65
[2026-04-01 23:19:23] INFO     [depth=4] Epoch 164/200 | β=0.500 | lr=9.13e-05 | train=787.98 | val=536.14
[2026-04-01 23:19:30] INFO     [depth=4] Epoch 165/200 | β=0.500 | lr=8.71e-05 | train=818.81 | val=517.30
[2026-04-01 23:19:38] INFO     [depth=4] Epoch 166/200 | β=0.500 | lr=8.29e-05 | train=837.15 | val=516.76
[2026-04-01 23:19:45] INFO     [depth=4] Epoch 167/200 | β=0.500 | lr=7.89e-05 | train=835.42 | val=516.26
[2026-04-01 23:19:52] INFO     [depth=4] Epoch 168/200 | β=0.500 | lr=7.50e-05 | train=835.69 | val=516.26
[2026-04-01 23:19:59] INFO     [depth=4] Epoch 169/200 | β=0.500 | lr=7.12e-05 | train=847.81 | val=517.57
[2026-04-01 23:20:06] INFO     [depth=4] Epoch 170/200 | β=0.500 | lr=6.75e-05 | train=840.90 | val=514.92
[2026-04-01 23:20:13] INFO     [depth=4] Epoch 171/200 | β=0.500 | lr=6.40e-05 | train=828.02 | val=515.09
[2026-04-01 23:20:19] INFO     [depth=4] Epoch 172/200 | β=0.500 | lr=6.05e-05 | train=808.16 | val=516.72
[2026-04-01 23:20:26] INFO     [depth=4] Epoch 173/200 | β=0.500 | lr=5.71e-05 | train=859.44 | val=515.98
[2026-04-01 23:20:32] INFO     [depth=4] Epoch 174/200 | β=0.500 | lr=5.39e-05 | train=828.38 | val=514.64
[2026-04-01 23:20:39] INFO     [depth=4] Epoch 175/200 | β=0.500 | lr=5.07e-05 | train=827.55 | val=515.33
[2026-04-01 23:20:46] INFO     [depth=4] Epoch 176/200 | β=0.500 | lr=4.77e-05 | train=834.05 | val=516.61
[2026-04-01 23:20:53] INFO     [depth=4] Epoch 177/200 | β=0.500 | lr=4.48e-05 | train=873.48 | val=515.83
[2026-04-01 23:21:03] INFO     [depth=4] Epoch 178/200 | β=0.500 | lr=4.20e-05 | train=821.78 | val=514.04
[2026-04-01 23:21:13] INFO     [depth=4] Epoch 179/200 | β=0.500 | lr=3.93e-05 | train=837.90 | val=513.81
[2026-04-01 23:21:21] INFO     [depth=4] Epoch 180/200 | β=0.500 | lr=3.67e-05 | train=797.44 | val=515.30
[2026-04-01 23:21:28] INFO     [depth=4] Epoch 181/200 | β=0.500 | lr=3.42e-05 | train=834.54 | val=513.45
[2026-04-01 23:21:36] INFO     [depth=4] Epoch 182/200 | β=0.500 | lr=3.19e-05 | train=825.51 | val=514.41
[2026-04-01 23:21:43] INFO     [depth=4] Epoch 183/200 | β=0.500 | lr=2.97e-05 | train=832.85 | val=514.44
[2026-04-01 23:21:50] INFO     [depth=4] Epoch 184/200 | β=0.500 | lr=2.75e-05 | train=863.49 | val=514.41
[2026-04-01 23:21:57] INFO     [depth=4] Epoch 185/200 | β=0.500 | lr=2.56e-05 | train=849.83 | val=513.84
[2026-04-01 23:22:05] INFO     [depth=4] Epoch 186/200 | β=0.500 | lr=2.37e-05 | train=839.65 | val=515.71
[2026-04-01 23:22:13] INFO     [depth=4] Epoch 187/200 | β=0.500 | lr=2.19e-05 | train=830.82 | val=514.09
[2026-04-01 23:22:20] INFO     [depth=4] Epoch 188/200 | β=0.500 | lr=2.03e-05 | train=833.45 | val=514.05
[2026-04-01 23:22:28] INFO     [depth=4] Epoch 189/200 | β=0.500 | lr=1.88e-05 | train=833.80 | val=513.90
[2026-04-01 23:22:37] INFO     [depth=4] Epoch 190/200 | β=0.500 | lr=1.74e-05 | train=827.73 | val=513.10
[2026-04-01 23:22:45] INFO     [depth=4] Epoch 191/200 | β=0.500 | lr=1.61e-05 | train=814.89 | val=513.32
[2026-04-01 23:22:52] INFO     [depth=4] Epoch 192/200 | β=0.500 | lr=1.49e-05 | train=845.17 | val=513.34
[2026-04-01 23:23:00] INFO     [depth=4] Epoch 193/200 | β=0.500 | lr=1.39e-05 | train=866.52 | val=513.99
[2026-04-01 23:23:07] INFO     [depth=4] Epoch 194/200 | β=0.500 | lr=1.30e-05 | train=832.50 | val=513.71
[2026-04-01 23:23:13] INFO     [depth=4] Epoch 195/200 | β=0.500 | lr=1.22e-05 | train=853.86 | val=513.39
[2026-04-01 23:23:20] INFO     [depth=4] Epoch 196/200 | β=0.500 | lr=1.15e-05 | train=841.53 | val=513.83
[2026-04-01 23:23:28] INFO     [depth=4] Epoch 197/200 | β=0.500 | lr=1.10e-05 | train=837.93 | val=513.22
[2026-04-01 23:23:35] INFO     [depth=4] Epoch 198/200 | β=0.500 | lr=1.05e-05 | train=803.65 | val=513.34
[2026-04-01 23:23:42] INFO     [depth=4] Epoch 199/200 | β=0.500 | lr=1.02e-05 | train=833.96 | val=513.55
[2026-04-01 23:23:51] INFO     [depth=4] Epoch 200/200 | β=0.500 | lr=1.01e-05 | train=874.42 | val=513.21
[2026-04-01 23:23:51] INFO     [depth=4] Training complete. Best epoch: 190, val: 513.0983
[2026-04-01 23:23:53] INFO     [depth=4] Test: MSE=0.000698, PSNR=32.85, SSIM=0.9964
[2026-04-01 23:24:08] INFO     Shapiro dim_0: p=0.0000
[2026-04-01 23:24:08] INFO     Shapiro dim_1: p=0.0000
[2026-04-01 23:24:08] INFO     Shapiro dim_2: p=0.0000
[2026-04-01 23:24:08] INFO     Shapiro dim_3: p=0.0000
[2026-04-01 23:24:08] INFO     Shapiro dim_4: p=0.0000
[2026-04-01 23:24:08] INFO     Shapiro dim_5: p=0.0000
[2026-04-01 23:24:08] INFO     Shapiro dim_6: p=0.0000
[2026-04-01 23:24:08] INFO     Shapiro dim_7: p=0.0000
[2026-04-01 23:24:12] INFO     Aux classifier early stop at epoch 56
[2026-04-01 23:24:12] INFO     Aux [letter] accuracy: 0.9936
[2026-04-01 23:24:12] INFO     
              precision    recall  f1-score   support

           a       1.00      0.92      0.96        12
          aa       0.92      1.00      0.96        12
         aha       1.00      1.00      1.00        12
          ai       1.00      1.00      1.00        12
          am       1.00      1.00      1.00        12
          au       1.00      1.00      1.00        12
           e       1.00      1.00      1.00        12
           i       1.00      1.00      1.00        12
          ii       1.00      1.00      1.00        12
           o       1.00      1.00      1.00        12
          ri       1.00      1.00      1.00        12
           u       1.00      1.00      1.00        12
          uu       1.00      1.00      1.00        12

    accuracy                           0.99       156
   macro avg       0.99      0.99      0.99       156
weighted avg       0.99      0.99      0.99       156

[2026-04-01 23:24:12] INFO     Aux [point_size] accuracy: 0.2692
[2026-04-01 23:24:12] INFO     
              precision    recall  f1-score   support

        10pt       0.27      0.33      0.30        39
        14pt       0.29      0.26      0.27        39
        18pt       0.27      0.31      0.29        39
        22pt       0.26      0.18      0.21        39

    accuracy                           0.27       156
   macro avg       0.27      0.27      0.27       156
weighted avg       0.27      0.27      0.27       156

[2026-04-01 23:24:13] INFO     Depth variant: 5
[2026-04-01 23:24:13] INFO     [depth=5] Params: 5,780,817
[2026-04-01 23:24:23] INFO     [depth=5] Epoch 001/200 | β=0.017 | lr=1.00e-03 | train=18637.18 | val=3057.01
[2026-04-01 23:24:35] INFO     [depth=5] Epoch 002/200 | β=0.033 | lr=1.00e-03 | train=2801.16 | val=1765.16
[2026-04-01 23:24:45] INFO     [depth=5] Epoch 003/200 | β=0.050 | lr=1.00e-03 | train=2324.66 | val=1580.04
[2026-04-01 23:24:56] INFO     [depth=5] Epoch 004/200 | β=0.067 | lr=9.99e-04 | train=2007.55 | val=1292.05
[2026-04-01 23:25:08] INFO     [depth=5] Epoch 005/200 | β=0.083 | lr=9.99e-04 | train=1841.43 | val=1211.61
[2026-04-01 23:25:21] INFO     [depth=5] Epoch 006/200 | β=0.100 | lr=9.98e-04 | train=1642.47 | val=1117.30
[2026-04-01 23:25:32] INFO     [depth=5] Epoch 007/200 | β=0.117 | lr=9.98e-04 | train=1546.62 | val=1059.20
[2026-04-01 23:25:44] INFO     [depth=5] Epoch 008/200 | β=0.133 | lr=9.97e-04 | train=1513.27 | val=1112.72
[2026-04-01 23:25:54] INFO     [depth=5] Epoch 009/200 | β=0.150 | lr=9.96e-04 | train=1453.76 | val=974.67
[2026-04-01 23:26:04] INFO     [depth=5] Epoch 010/200 | β=0.167 | lr=9.95e-04 | train=1387.05 | val=1053.37
[2026-04-01 23:26:14] INFO     [depth=5] Epoch 011/200 | β=0.183 | lr=9.94e-04 | train=1369.30 | val=906.97
[2026-04-01 23:26:25] INFO     [depth=5] Epoch 012/200 | β=0.200 | lr=9.93e-04 | train=1334.34 | val=967.03
[2026-04-01 23:26:35] INFO     [depth=5] Epoch 013/200 | β=0.217 | lr=9.91e-04 | train=1391.02 | val=905.23
[2026-04-01 23:26:45] INFO     [depth=5] Epoch 014/200 | β=0.233 | lr=9.90e-04 | train=1301.57 | val=859.00
[2026-04-01 23:26:56] INFO     [depth=5] Epoch 015/200 | β=0.250 | lr=9.88e-04 | train=1269.79 | val=862.81
[2026-04-01 23:27:06] INFO     [depth=5] Epoch 016/200 | β=0.267 | lr=9.86e-04 | train=1251.85 | val=853.72
[2026-04-01 23:27:17] INFO     [depth=5] Epoch 017/200 | β=0.283 | lr=9.84e-04 | train=1258.58 | val=855.73
[2026-04-01 23:27:31] INFO     [depth=5] Epoch 018/200 | β=0.300 | lr=9.82e-04 | train=1266.33 | val=822.25
[2026-04-01 23:27:45] INFO     [depth=5] Epoch 019/200 | β=0.317 | lr=9.80e-04 | train=1179.28 | val=808.98
[2026-04-01 23:27:56] INFO     [depth=5] Epoch 020/200 | β=0.333 | lr=9.78e-04 | train=1205.39 | val=869.07
[2026-04-01 23:28:11] INFO     [depth=5] Epoch 021/200 | β=0.350 | lr=9.76e-04 | train=1247.66 | val=780.80
[2026-04-01 23:28:22] INFO     [depth=5] Epoch 022/200 | β=0.367 | lr=9.73e-04 | train=1221.24 | val=788.78
[2026-04-01 23:28:33] INFO     [depth=5] Epoch 023/200 | β=0.383 | lr=9.71e-04 | train=1138.45 | val=787.44
[2026-04-01 23:28:43] INFO     [depth=5] Epoch 024/200 | β=0.400 | lr=9.68e-04 | train=1180.26 | val=811.01
[2026-04-01 23:28:53] INFO     [depth=5] Epoch 025/200 | β=0.417 | lr=9.65e-04 | train=1198.17 | val=795.71
[2026-04-01 23:29:04] INFO     [depth=5] Epoch 026/200 | β=0.433 | lr=9.62e-04 | train=1163.26 | val=766.20
[2026-04-01 23:29:14] INFO     [depth=5] Epoch 027/200 | β=0.450 | lr=9.59e-04 | train=1145.00 | val=815.47
[2026-04-01 23:29:26] INFO     [depth=5] Epoch 028/200 | β=0.467 | lr=9.56e-04 | train=1170.19 | val=790.90
[2026-04-01 23:29:35] INFO     [depth=5] Epoch 029/200 | β=0.483 | lr=9.53e-04 | train=1167.56 | val=771.60
[2026-04-01 23:29:45] INFO     [depth=5] Epoch 030/200 | β=0.500 | lr=9.50e-04 | train=1109.44 | val=960.28
[2026-04-01 23:29:55] INFO     [depth=5] Epoch 031/200 | β=0.500 | lr=9.46e-04 | train=1090.05 | val=723.47
[2026-04-01 23:30:04] INFO     [depth=5] Epoch 032/200 | β=0.500 | lr=9.42e-04 | train=1091.46 | val=771.19
[2026-04-01 23:30:14] INFO     [depth=5] Epoch 033/200 | β=0.500 | lr=9.39e-04 | train=1089.98 | val=790.97
[2026-04-01 23:30:24] INFO     [depth=5] Epoch 034/200 | β=0.500 | lr=9.35e-04 | train=1098.63 | val=788.38
[2026-04-01 23:30:33] INFO     [depth=5] Epoch 035/200 | β=0.500 | lr=9.31e-04 | train=1098.37 | val=794.15
[2026-04-01 23:30:43] INFO     [depth=5] Epoch 036/200 | β=0.500 | lr=9.27e-04 | train=1106.47 | val=719.85
[2026-04-01 23:30:53] INFO     [depth=5] Epoch 037/200 | β=0.500 | lr=9.23e-04 | train=1105.31 | val=125739.73
[2026-04-01 23:31:02] INFO     [depth=5] Epoch 038/200 | β=0.500 | lr=9.19e-04 | train=1063.09 | val=1118.42
[2026-04-01 23:31:13] INFO     [depth=5] Epoch 039/200 | β=0.500 | lr=9.14e-04 | train=1094.85 | val=776.43
[2026-04-01 23:31:23] INFO     [depth=5] Epoch 040/200 | β=0.500 | lr=9.10e-04 | train=1095.46 | val=805.91
[2026-04-01 23:31:34] INFO     [depth=5] Epoch 041/200 | β=0.500 | lr=9.05e-04 | train=1044.26 | val=1540.64
[2026-04-01 23:31:45] INFO     [depth=5] Epoch 042/200 | β=0.500 | lr=9.01e-04 | train=1102.13 | val=723.01
[2026-04-01 23:31:56] INFO     [depth=5] Epoch 043/200 | β=0.500 | lr=8.96e-04 | train=1051.27 | val=1751.21
[2026-04-01 23:32:09] INFO     [depth=5] Epoch 044/200 | β=0.500 | lr=8.91e-04 | train=1111.50 | val=703.65
[2026-04-01 23:32:20] INFO     [depth=5] Epoch 045/200 | β=0.500 | lr=8.86e-04 | train=1031.61 | val=700.96
[2026-04-01 23:32:31] INFO     [depth=5] Epoch 046/200 | β=0.500 | lr=8.81e-04 | train=996.90 | val=756.63
[2026-04-01 23:32:41] INFO     [depth=5] Epoch 047/200 | β=0.500 | lr=8.76e-04 | train=1063.58 | val=920.63
[2026-04-01 23:32:51] INFO     [depth=5] Epoch 048/200 | β=0.500 | lr=8.71e-04 | train=1035.22 | val=737.70
[2026-04-01 23:33:01] INFO     [depth=5] Epoch 049/200 | β=0.500 | lr=8.66e-04 | train=1016.87 | val=665.65
[2026-04-01 23:33:12] INFO     [depth=5] Epoch 050/200 | β=0.500 | lr=8.60e-04 | train=1046.19 | val=710.59
[2026-04-01 23:33:24] INFO     [depth=5] Epoch 051/200 | β=0.500 | lr=8.55e-04 | train=1053.50 | val=644.78
[2026-04-01 23:33:35] INFO     [depth=5] Epoch 052/200 | β=0.500 | lr=8.49e-04 | train=997.52 | val=645.11
[2026-04-01 23:33:46] INFO     [depth=5] Epoch 053/200 | β=0.500 | lr=8.44e-04 | train=1049.89 | val=751.23
[2026-04-01 23:33:56] INFO     [depth=5] Epoch 054/200 | β=0.500 | lr=8.38e-04 | train=1005.85 | val=646.87
[2026-04-01 23:34:06] INFO     [depth=5] Epoch 055/200 | β=0.500 | lr=8.32e-04 | train=1010.66 | val=714.99
[2026-04-01 23:34:15] INFO     [depth=5] Epoch 056/200 | β=0.500 | lr=8.26e-04 | train=1012.60 | val=1040.71
[2026-04-01 23:34:25] INFO     [depth=5] Epoch 057/200 | β=0.500 | lr=8.21e-04 | train=1000.96 | val=630.06
[2026-04-01 23:34:35] INFO     [depth=5] Epoch 058/200 | β=0.500 | lr=8.14e-04 | train=957.44 | val=739.38
[2026-04-01 23:34:45] INFO     [depth=5] Epoch 059/200 | β=0.500 | lr=8.08e-04 | train=1027.50 | val=764.95
[2026-04-01 23:34:55] INFO     [depth=5] Epoch 060/200 | β=0.500 | lr=8.02e-04 | train=988.96 | val=810.17
[2026-04-01 23:35:05] INFO     [depth=5] Epoch 061/200 | β=0.500 | lr=7.96e-04 | train=969.73 | val=672.93
[2026-04-01 23:35:15] INFO     [depth=5] Epoch 062/200 | β=0.500 | lr=7.90e-04 | train=1018.87 | val=639.07
[2026-04-01 23:35:24] INFO     [depth=5] Epoch 063/200 | β=0.500 | lr=7.83e-04 | train=978.69 | val=799.20
[2026-04-01 23:35:34] INFO     [depth=5] Epoch 064/200 | β=0.500 | lr=7.77e-04 | train=958.34 | val=677.01
[2026-04-01 23:35:44] INFO     [depth=5] Epoch 065/200 | β=0.500 | lr=7.70e-04 | train=1010.40 | val=657.85
[2026-04-01 23:35:53] INFO     [depth=5] Epoch 066/200 | β=0.500 | lr=7.64e-04 | train=983.08 | val=679.52
[2026-04-01 23:36:03] INFO     [depth=5] Epoch 067/200 | β=0.500 | lr=7.57e-04 | train=957.05 | val=694.43
[2026-04-01 23:36:13] INFO     [depth=5] Epoch 068/200 | β=0.500 | lr=7.50e-04 | train=987.02 | val=623.91
[2026-04-01 23:36:24] INFO     [depth=5] Epoch 069/200 | β=0.500 | lr=7.43e-04 | train=938.76 | val=607.69
[2026-04-01 23:36:34] INFO     [depth=5] Epoch 070/200 | β=0.500 | lr=7.37e-04 | train=950.21 | val=697.42
[2026-04-01 23:36:44] INFO     [depth=5] Epoch 071/200 | β=0.500 | lr=7.30e-04 | train=951.73 | val=650.91
[2026-04-01 23:36:53] INFO     [depth=5] Epoch 072/200 | β=0.500 | lr=7.23e-04 | train=948.49 | val=27720.79
[2026-04-01 23:37:03] INFO     [depth=5] Epoch 073/200 | β=0.500 | lr=7.16e-04 | train=967.14 | val=605.99
[2026-04-01 23:37:13] INFO     [depth=5] Epoch 074/200 | β=0.500 | lr=7.09e-04 | train=936.86 | val=622.75
[2026-04-01 23:37:23] INFO     [depth=5] Epoch 075/200 | β=0.500 | lr=7.02e-04 | train=941.74 | val=594.93
[2026-04-01 23:37:34] INFO     [depth=5] Epoch 076/200 | β=0.500 | lr=6.94e-04 | train=959.91 | val=645.93
[2026-04-01 23:37:44] INFO     [depth=5] Epoch 077/200 | β=0.500 | lr=6.87e-04 | train=939.48 | val=632.77
[2026-04-01 23:37:54] INFO     [depth=5] Epoch 078/200 | β=0.500 | lr=6.80e-04 | train=954.41 | val=608.73
[2026-04-01 23:38:05] INFO     [depth=5] Epoch 079/200 | β=0.500 | lr=6.73e-04 | train=960.69 | val=642.25
[2026-04-01 23:38:14] INFO     [depth=5] Epoch 080/200 | β=0.500 | lr=6.65e-04 | train=937.10 | val=618.35
[2026-04-01 23:38:25] INFO     [depth=5] Epoch 081/200 | β=0.500 | lr=6.58e-04 | train=924.65 | val=627.80
[2026-04-01 23:38:34] INFO     [depth=5] Epoch 082/200 | β=0.500 | lr=6.51e-04 | train=949.76 | val=580.89
[2026-04-01 23:38:45] INFO     [depth=5] Epoch 083/200 | β=0.500 | lr=6.43e-04 | train=920.26 | val=628.13
[2026-04-01 23:38:55] INFO     [depth=5] Epoch 084/200 | β=0.500 | lr=6.36e-04 | train=890.32 | val=787.13
[2026-04-01 23:39:05] INFO     [depth=5] Epoch 085/200 | β=0.500 | lr=6.28e-04 | train=900.13 | val=670.13
[2026-04-01 23:39:16] INFO     [depth=5] Epoch 086/200 | β=0.500 | lr=6.21e-04 | train=905.78 | val=584.23
[2026-04-01 23:39:29] INFO     [depth=5] Epoch 087/200 | β=0.500 | lr=6.13e-04 | train=918.31 | val=609.65
[2026-04-01 23:39:40] INFO     [depth=5] Epoch 088/200 | β=0.500 | lr=6.05e-04 | train=901.94 | val=680.66
[2026-04-01 23:39:51] INFO     [depth=5] Epoch 089/200 | β=0.500 | lr=5.98e-04 | train=908.66 | val=619.71
[2026-04-01 23:40:02] INFO     [depth=5] Epoch 090/200 | β=0.500 | lr=5.90e-04 | train=905.47 | val=766.81
[2026-04-01 23:40:12] INFO     [depth=5] Epoch 091/200 | β=0.500 | lr=5.82e-04 | train=925.31 | val=768.10
[2026-04-01 23:40:24] INFO     [depth=5] Epoch 092/200 | β=0.500 | lr=5.75e-04 | train=912.27 | val=654.16
[2026-04-01 23:40:36] INFO     [depth=5] Epoch 093/200 | β=0.500 | lr=5.67e-04 | train=919.24 | val=563.40
[2026-04-01 23:40:51] INFO     [depth=5] Epoch 094/200 | β=0.500 | lr=5.59e-04 | train=900.83 | val=603.60
[2026-04-01 23:41:02] INFO     [depth=5] Epoch 095/200 | β=0.500 | lr=5.52e-04 | train=875.70 | val=626.84
[2026-04-01 23:41:13] INFO     [depth=5] Epoch 096/200 | β=0.500 | lr=5.44e-04 | train=881.47 | val=598.99
[2026-04-01 23:41:23] INFO     [depth=5] Epoch 097/200 | β=0.500 | lr=5.36e-04 | train=931.89 | val=603.78
